<html>
<body>
<pre>
<h1>µVision Build Log</h1>
<h2>Tool Versions:</h2>
IDE-Version: µVision V5.18.0.0
Copyright (C) 2016 ARM Ltd and ARM Germany GmbH. All rights reserved.
License Information: Kamil Gradowski, WAT, LIC=----
 
Tool Versions:
Toolchain:       MDK-Lite  Version: 5.18
Toolchain Path:  D:\ARM\ARMCC\Bin
C Compiler:      Armcc.exe V5.06 update 1 (build 61)
Assembler:       Armasm.exe V5.06 update 1 (build 61)
Linker/Locator:  ArmLink.exe V5.06 update 1 (build 61)
Library Manager: ArmAr.exe V5.06 update 1 (build 61)
Hex Converter:   FromElf.exe V5.06 update 1 (build 61)
CPU DLL:         SARMCM3.DLL V5.18
Dialog DLL:      DCM.DLL V1.13.6.0
Target DLL:      STLink\ST-LINKIII-KEIL_SWO.dll V2.0.18.0
Dialog DLL:      TCM.DLL V1.14.8.0
 
<h2>Project:</h2>
D:\jak_pierun_w_mietle_trafi\Tulin_01_NEW\MDK-ARM\Tulin_01.uvprojx
Project File Date:  12/08/2017

<h2>Output:</h2>
*** Using Compiler 'V5.06 update 1 (build 61)', folder: 'D:\ARM\ARMCC\Bin'
Build target 'Tulin_01'
compiling main.c...
../Src/main.c(209): warning:  #223-D: function "atoi" declared implicitly
   switch (atoi((char*)&Received)) {
../Src/main.c(77): warning:  #177-D: variable "cnt" was declared but never referenced
  static uint16_t cnt = 0; // Licznik wyslanych wiadomosci
../Src/main.c: 2 warnings, 0 errors
linking...
Program Size: Code=11400 RO-data=608 RW-data=84 ZI-data=1732  
"Tulin_01\Tulin_01.axf" - 0 Error(s), 2 Warning(s).

<h2>Software Packages used:</h2>

Package Vendor: ARM
                http://www.keil.com/pack/ARM.CMSIS.4.5.0.pack
                ARM::CMSIS:CORE:4.3.0
                CMSIS (Cortex Microcontroller Software Interface Standard)
   * Component: CORE Version: 4.3.0

<h2>Collection of Component include folders:</h2>
  D:\jak_pierun_w_mietle_trafi\Tulin_01_NEW\MDK-ARM\RTE
  D:\\ARM\PACK\KEIL\ARM\CMSIS\4.5.0\CMSIS\Include
  D:\\ARM\PACK\KEIL\Keil\STM32F4xx_DFP\2.7.0\Drivers\CMSIS\Device\ST\STM32F4xx\Include

<h2>Collection of Component Files used:</h2>

   * Component: ARM::CMSIS:CORE:4.3.0
Build Time Elapsed:  00:00:03
</pre>
</body>
</html>
