Component: ARM Compiler 5.06 update 1 (build 61) Tool: armlink [4d35a8]

==============================================================================

Section Cross References

    system_stm32f4xx.o(i.SystemCoreClockUpdate) refers to system_stm32f4xx.o(.data) for .data
    system_stm32f4xx.o(i.SystemCoreClockUpdate) refers to system_stm32f4xx.o(.constdata) for .constdata
    startup_stm32f411xe.o(RESET) refers to startup_stm32f411xe.o(STACK) for __initial_sp
    startup_stm32f411xe.o(RESET) refers to startup_stm32f411xe.o(.text) for Reset_Handler
    startup_stm32f411xe.o(RESET) refers to stm32f4xx_it.o(i.SysTick_Handler) for SysTick_Handler
    startup_stm32f411xe.o(RESET) refers to stm32f4xx_it.o(i.EXTI0_IRQHandler) for EXTI0_IRQHandler
    startup_stm32f411xe.o(RESET) refers to stm32f4xx_it.o(i.EXTI2_IRQHandler) for EXTI2_IRQHandler
    startup_stm32f411xe.o(RESET) refers to stm32f4xx_it.o(i.EXTI4_IRQHandler) for EXTI4_IRQHandler
    startup_stm32f411xe.o(RESET) refers to stm32f4xx_it.o(i.TIM1_UP_TIM10_IRQHandler) for TIM1_UP_TIM10_IRQHandler
    startup_stm32f411xe.o(RESET) refers to stm32f4xx_it.o(i.USART1_IRQHandler) for USART1_IRQHandler
    startup_stm32f411xe.o(RESET) refers to stm32f4xx_it.o(i.DMA2_Stream0_IRQHandler) for DMA2_Stream0_IRQHandler
    startup_stm32f411xe.o(RESET) refers to stm32f4xx_it.o(i.DMA2_Stream2_IRQHandler) for DMA2_Stream2_IRQHandler
    startup_stm32f411xe.o(RESET) refers to stm32f4xx_it.o(i.DMA2_Stream7_IRQHandler) for DMA2_Stream7_IRQHandler
    startup_stm32f411xe.o(.text) refers to system_stm32f4xx.o(i.SystemInit) for SystemInit
    startup_stm32f411xe.o(.text) refers to entry.o(.ARM.Collect$$$$00000000) for __main
    stm32f4xx_hal_tim_ex.o(i.HAL_TIMEx_ConfigCommutationEvent_DMA) refers to stm32f4xx_hal_tim_ex.o(i.TIMEx_DMACommutationCplt) for TIMEx_DMACommutationCplt
    stm32f4xx_hal_tim_ex.o(i.HAL_TIMEx_ConfigCommutationEvent_DMA) refers to stm32f4xx_hal_tim.o(i.TIM_DMAError) for TIM_DMAError
    stm32f4xx_hal_tim_ex.o(i.HAL_TIMEx_HallSensor_DeInit) refers to stm32f4xx_hal_tim_ex.o(i.HAL_TIMEx_HallSensor_MspDeInit) for HAL_TIMEx_HallSensor_MspDeInit
    stm32f4xx_hal_tim_ex.o(i.HAL_TIMEx_HallSensor_Init) refers to stm32f4xx_hal_tim_ex.o(i.HAL_TIMEx_HallSensor_MspInit) for HAL_TIMEx_HallSensor_MspInit
    stm32f4xx_hal_tim_ex.o(i.HAL_TIMEx_HallSensor_Init) refers to stm32f4xx_hal_tim.o(i.TIM_Base_SetConfig) for TIM_Base_SetConfig
    stm32f4xx_hal_tim_ex.o(i.HAL_TIMEx_HallSensor_Init) refers to stm32f4xx_hal_tim.o(i.TIM_TI1_SetConfig) for TIM_TI1_SetConfig
    stm32f4xx_hal_tim_ex.o(i.HAL_TIMEx_HallSensor_Init) refers to stm32f4xx_hal_tim.o(i.TIM_OC2_SetConfig) for TIM_OC2_SetConfig
    stm32f4xx_hal_tim_ex.o(i.HAL_TIMEx_HallSensor_Start) refers to stm32f4xx_hal_tim.o(i.TIM_CCxChannelCmd) for TIM_CCxChannelCmd
    stm32f4xx_hal_tim_ex.o(i.HAL_TIMEx_HallSensor_Start_DMA) refers to stm32f4xx_hal_tim.o(i.TIM_CCxChannelCmd) for TIM_CCxChannelCmd
    stm32f4xx_hal_tim_ex.o(i.HAL_TIMEx_HallSensor_Start_DMA) refers to stm32f4xx_hal_dma.o(i.HAL_DMA_Start_IT) for HAL_DMA_Start_IT
    stm32f4xx_hal_tim_ex.o(i.HAL_TIMEx_HallSensor_Start_DMA) refers to stm32f4xx_hal_tim.o(i.TIM_DMACaptureCplt) for TIM_DMACaptureCplt
    stm32f4xx_hal_tim_ex.o(i.HAL_TIMEx_HallSensor_Start_DMA) refers to stm32f4xx_hal_tim.o(i.TIM_DMAError) for TIM_DMAError
    stm32f4xx_hal_tim_ex.o(i.HAL_TIMEx_HallSensor_Start_IT) refers to stm32f4xx_hal_tim.o(i.TIM_CCxChannelCmd) for TIM_CCxChannelCmd
    stm32f4xx_hal_tim_ex.o(i.HAL_TIMEx_HallSensor_Stop) refers to stm32f4xx_hal_tim.o(i.TIM_CCxChannelCmd) for TIM_CCxChannelCmd
    stm32f4xx_hal_tim_ex.o(i.HAL_TIMEx_HallSensor_Stop_DMA) refers to stm32f4xx_hal_tim.o(i.TIM_CCxChannelCmd) for TIM_CCxChannelCmd
    stm32f4xx_hal_tim_ex.o(i.HAL_TIMEx_HallSensor_Stop_IT) refers to stm32f4xx_hal_tim.o(i.TIM_CCxChannelCmd) for TIM_CCxChannelCmd
    stm32f4xx_hal_tim_ex.o(i.HAL_TIMEx_OCN_Start) refers to stm32f4xx_hal_tim_ex.o(i.TIM_CCxNChannelCmd) for TIM_CCxNChannelCmd
    stm32f4xx_hal_tim_ex.o(i.HAL_TIMEx_OCN_Start_DMA) refers to stm32f4xx_hal_dma.o(i.HAL_DMA_Start_IT) for HAL_DMA_Start_IT
    stm32f4xx_hal_tim_ex.o(i.HAL_TIMEx_OCN_Start_DMA) refers to stm32f4xx_hal_tim_ex.o(i.TIM_CCxNChannelCmd) for TIM_CCxNChannelCmd
    stm32f4xx_hal_tim_ex.o(i.HAL_TIMEx_OCN_Start_DMA) refers to stm32f4xx_hal_tim.o(i.TIM_DMADelayPulseCplt) for TIM_DMADelayPulseCplt
    stm32f4xx_hal_tim_ex.o(i.HAL_TIMEx_OCN_Start_DMA) refers to stm32f4xx_hal_tim.o(i.TIM_DMAError) for TIM_DMAError
    stm32f4xx_hal_tim_ex.o(i.HAL_TIMEx_OCN_Start_IT) refers to stm32f4xx_hal_tim_ex.o(i.TIM_CCxNChannelCmd) for TIM_CCxNChannelCmd
    stm32f4xx_hal_tim_ex.o(i.HAL_TIMEx_OCN_Stop) refers to stm32f4xx_hal_tim_ex.o(i.TIM_CCxNChannelCmd) for TIM_CCxNChannelCmd
    stm32f4xx_hal_tim_ex.o(i.HAL_TIMEx_OCN_Stop_DMA) refers to stm32f4xx_hal_tim_ex.o(i.TIM_CCxNChannelCmd) for TIM_CCxNChannelCmd
[...]
    Removing stm32f4xx_hal_tim_ex.o(i.HAL_TIMEx_OCN_Stop_DMA), (124 bytes).
    Removing stm32f4xx_hal_tim_ex.o(i.HAL_TIMEx_OCN_Stop_IT), (134 bytes).
    Removing stm32f4xx_hal_tim_ex.o(i.HAL_TIMEx_OnePulseN_Start), (26 bytes).
    Removing stm32f4xx_hal_tim_ex.o(i.HAL_TIMEx_OnePulseN_Start_IT), (46 bytes).
    Removing stm32f4xx_hal_tim_ex.o(i.HAL_TIMEx_OnePulseN_Stop), (68 bytes).
    Removing stm32f4xx_hal_tim_ex.o(i.HAL_TIMEx_OnePulseN_Stop_IT), (88 bytes).
    Removing stm32f4xx_hal_tim_ex.o(i.HAL_TIMEx_PWMN_Start), (36 bytes).
    Removing stm32f4xx_hal_tim_ex.o(i.HAL_TIMEx_PWMN_Start_DMA), (220 bytes).
    Removing stm32f4xx_hal_tim_ex.o(i.HAL_TIMEx_PWMN_Start_IT), (96 bytes).
    Removing stm32f4xx_hal_tim_ex.o(i.HAL_TIMEx_PWMN_Stop), (68 bytes).
    Removing stm32f4xx_hal_tim_ex.o(i.HAL_TIMEx_PWMN_Stop_DMA), (124 bytes).
    Removing stm32f4xx_hal_tim_ex.o(i.HAL_TIMEx_PWMN_Stop_IT), (134 bytes).
    Removing stm32f4xx_hal_tim_ex.o(i.HAL_TIMEx_RemapConfig), (34 bytes).
    Removing stm32f4xx_hal_tim_ex.o(i.TIMEx_DMACommutationCplt), (16 bytes).
    Removing stm32f4xx_hal_tim_ex.o(i.TIM_CCxNChannelCmd), (22 bytes).
    Removing stm32f4xx_hal_flash_ex.o(.rev16_text), (4 bytes).
    Removing stm32f4xx_hal_flash_ex.o(.revsh_text), (4 bytes).
    Removing stm32f4xx_hal_flash_ex.o(.rrx_text), (6 bytes).
    Removing stm32f4xx_hal_flash_ex.o(i.FLASH_Erase_Sector), (88 bytes).
    Removing stm32f4xx_hal_flash_ex.o(i.FLASH_FlushCaches), (84 bytes).
    Removing stm32f4xx_hal_flash_ex.o(i.FLASH_MassErase), (40 bytes).
    Removing stm32f4xx_hal_flash_ex.o(i.HAL_FLASHEx_AdvOBGetConfig), (12 bytes).
    Removing stm32f4xx_hal_flash_ex.o(i.HAL_FLASHEx_AdvOBProgram), (60 bytes).
    Removing stm32f4xx_hal_flash_ex.o(i.HAL_FLASHEx_Erase), (152 bytes).
    Removing stm32f4xx_hal_flash_ex.o(i.HAL_FLASHEx_Erase_IT), (104 bytes).
    Removing stm32f4xx_hal_flash_ex.o(i.HAL_FLASHEx_OBGetConfig), (64 bytes).
    Removing stm32f4xx_hal_flash_ex.o(i.HAL_FLASHEx_OBProgram), (204 bytes).
    Removing stm32f4xx_hal_flash_ex.o(i.HAL_FLASHEx_OB_DeSelectPCROP), (20 bytes).
    Removing stm32f4xx_hal_flash_ex.o(i.HAL_FLASHEx_OB_SelectPCROP), (24 bytes).
    Removing stm32f4xx_hal_flash_ramfunc.o(.rev16_text), (4 bytes).
    Removing stm32f4xx_hal_flash_ramfunc.o(.revsh_text), (4 bytes).
    Removing stm32f4xx_hal_flash_ramfunc.o(.rrx_text), (6 bytes).
    Removing stm32f4xx_hal_flash_ramfunc.o(i.HAL_FLASHEx_DisableFlashSleepMode), (44 bytes).
    Removing stm32f4xx_hal_flash_ramfunc.o(i.HAL_FLASHEx_EnableFlashSleepMode), (44 bytes).
    Removing stm32f4xx_hal_flash_ramfunc.o(i.HAL_FLASHEx_StartFlashInterfaceClk), (44 bytes).
    Removing stm32f4xx_hal_flash_ramfunc.o(i.HAL_FLASHEx_StopFlashInterfaceClk), (44 bytes).
    Removing stm32f4xx_hal_rcc.o(.rev16_text), (4 bytes).
    Removing stm32f4xx_hal_rcc.o(.revsh_text), (4 bytes).
    Removing stm32f4xx_hal_rcc.o(.rrx_text), (6 bytes).
    Removing stm32f4xx_hal_rcc.o(i.HAL_RCC_CSSCallback), (2 bytes).
    Removing stm32f4xx_hal_rcc.o(i.HAL_RCC_DeInit), (2 bytes).
    Removing stm32f4xx_hal_rcc.o(i.HAL_RCC_DisableCSS), (12 bytes).
    Removing stm32f4xx_hal_rcc.o(i.HAL_RCC_EnableCSS), (12 bytes).
    Removing stm32f4xx_hal_rcc.o(i.HAL_RCC_GetClockConfig), (64 bytes).
    Removing stm32f4xx_hal_rcc.o(i.HAL_RCC_GetOscConfig), (232 bytes).
    Removing stm32f4xx_hal_rcc.o(i.HAL_RCC_MCOConfig), (140 bytes).
    Removing stm32f4xx_hal_rcc.o(i.HAL_RCC_NMI_IRQHandler), (28 bytes).
    Removing stm32f4xx_hal_dma_ex.o(.rev16_text), (4 bytes).
    Removing stm32f4xx_hal_dma_ex.o(.revsh_text), (4 bytes).
    Removing stm32f4xx_hal_dma_ex.o(.rrx_text), (6 bytes).
    Removing stm32f4xx_hal_dma_ex.o(i.DMA_MultiBufferSetConfig), (30 bytes).
    Removing stm32f4xx_hal_dma_ex.o(i.HAL_DMAEx_ChangeMemory), (14 bytes).
    Removing stm32f4xx_hal_dma_ex.o(i.HAL_DMAEx_MultiBufferStart), (100 bytes).
    Removing stm32f4xx_hal_dma_ex.o(i.HAL_DMAEx_MultiBufferStart_IT), (2452 bytes).
    Removing stm32f4xx_hal.o(.rev16_text), (4 bytes).
    Removing stm32f4xx_hal.o(.revsh_text), (4 bytes).
    Removing stm32f4xx_hal.o(.rrx_text), (6 bytes).
    Removing stm32f4xx_hal.o(i.HAL_DBGMCU_DisableDBGSleepMode), (16 bytes).
    Removing stm32f4xx_hal.o(i.HAL_DBGMCU_DisableDBGStandbyMode), (16 bytes).
    Removing stm32f4xx_hal.o(i.HAL_DBGMCU_DisableDBGStopMode), (16 bytes).
    Removing stm32f4xx_hal.o(i.HAL_DBGMCU_EnableDBGSleepMode), (16 bytes).
    Removing stm32f4xx_hal.o(i.HAL_DBGMCU_EnableDBGStandbyMode), (16 bytes).
    Removing stm32f4xx_hal.o(i.HAL_DBGMCU_EnableDBGStopMode), (16 bytes).
    Removing stm32f4xx_hal.o(i.HAL_DeInit), (52 bytes).
    Removing stm32f4xx_hal.o(i.HAL_DisableCompensationCell), (28 bytes).
    Removing stm32f4xx_hal.o(i.HAL_EnableCompensationCell), (28 bytes).
    Removing stm32f4xx_hal.o(i.HAL_GetDEVID), (16 bytes).
    Removing stm32f4xx_hal.o(i.HAL_GetHalVersion), (8 bytes).
    Removing stm32f4xx_hal.o(i.HAL_GetREVID), (12 bytes).
    Removing stm32f4xx_hal.o(i.HAL_GetUID), (28 bytes).
    Removing stm32f4xx_hal.o(i.HAL_MspDeInit), (2 bytes).
    Removing stm32f4xx_hal.o(i.HAL_MspInit), (2 bytes).
    Removing stm32f4xx_hal.o(i.HAL_ResumeTick), (14 bytes).
    Removing stm32f4xx_hal.o(i.HAL_SuspendTick), (14 bytes).
    Removing stm32f4xx_hal_rcc_ex.o(.rev16_text), (4 bytes).
    Removing stm32f4xx_hal_rcc_ex.o(.revsh_text), (4 bytes).
    Removing stm32f4xx_hal_rcc_ex.o(.rrx_text), (6 bytes).
    Removing stm32f4xx_hal_rcc_ex.o(i.HAL_RCCEx_GetPeriphCLKConfig), (104 bytes).
    Removing stm32f4xx_hal_rcc_ex.o(i.HAL_RCCEx_GetPeriphCLKFreq), (96 bytes).
    Removing stm32f4xx_hal_rcc_ex.o(i.HAL_RCCEx_PeriphCLKConfig), (364 bytes).
    Removing stm32f4xx_hal_rcc_ex.o(i.HAL_RCCEx_SelectLSEMode), (28 bytes).
    Removing stm32f4xx_hal_rcc_ex.o(i.HAL_RCC_DeInit), (92 bytes).
    Removing stm32f4xx_hal_dma.o(.rev16_text), (4 bytes).
    Removing stm32f4xx_hal_dma.o(.revsh_text), (4 bytes).
    Removing stm32f4xx_hal_dma.o(.rrx_text), (6 bytes).
    Removing stm32f4xx_hal_dma.o(i.HAL_DMA_Abort), (142 bytes).
    Removing stm32f4xx_hal_dma.o(i.HAL_DMA_DeInit), (86 bytes).
    Removing stm32f4xx_hal_dma.o(i.HAL_DMA_GetError), (4 bytes).
    Removing stm32f4xx_hal_dma.o(i.HAL_DMA_GetState), (6 bytes).
    Removing stm32f4xx_hal_dma.o(i.HAL_DMA_PollForTransfer), (300 bytes).
    Removing stm32f4xx_hal_dma.o(i.HAL_DMA_RegisterCallback), (80 bytes).
    Removing stm32f4xx_hal_dma.o(i.HAL_DMA_Start), (70 bytes).
    Removing stm32f4xx_hal_dma.o(i.HAL_DMA_UnRegisterCallback), (96 bytes).
    Removing stm32f4xx_hal_cortex.o(.rev16_text), (4 bytes).
    Removing stm32f4xx_hal_cortex.o(.revsh_text), (4 bytes).
    Removing stm32f4xx_hal_cortex.o(.rrx_text), (6 bytes).
    Removing stm32f4xx_hal_cortex.o(i.HAL_MPU_ConfigRegion), (84 bytes).
    Removing stm32f4xx_hal_cortex.o(i.HAL_MPU_Disable), (28 bytes).
    Removing stm32f4xx_hal_cortex.o(i.HAL_MPU_Enable), (36 bytes).
    Removing stm32f4xx_hal_cortex.o(i.HAL_NVIC_ClearPendingIRQ), (22 bytes).
    Removing stm32f4xx_hal_cortex.o(i.HAL_NVIC_DisableIRQ), (22 bytes).
    Removing stm32f4xx_hal_cortex.o(i.HAL_NVIC_GetActive), (32 bytes).
    Removing stm32f4xx_hal_cortex.o(i.HAL_NVIC_GetPendingIRQ), (32 bytes).
    Removing stm32f4xx_hal_cortex.o(i.HAL_NVIC_GetPriority), (82 bytes).
    Removing stm32f4xx_hal_cortex.o(i.HAL_NVIC_GetPriorityGrouping), (16 bytes).
    Removing stm32f4xx_hal_cortex.o(i.HAL_NVIC_SetPendingIRQ), (22 bytes).
    Removing stm32f4xx_hal_cortex.o(i.HAL_NVIC_SystemReset), (36 bytes).
    Removing stm32f4xx_hal_gpio.o(.rev16_text), (4 bytes).
    Removing stm32f4xx_hal_gpio.o(.revsh_text), (4 bytes).
    Removing stm32f4xx_hal_gpio.o(.rrx_text), (6 bytes).
    Removing stm32f4xx_hal_gpio.o(i.HAL_GPIO_DeInit), (272 bytes).
    Removing stm32f4xx_hal_gpio.o(i.HAL_GPIO_EXTI_Callback), (2 bytes).
    Removing stm32f4xx_hal_gpio.o(i.HAL_GPIO_LockPin), (34 bytes).
    Removing stm32f4xx_hal_gpio.o(i.HAL_GPIO_TogglePin), (8 bytes).
    Removing stm32f4xx_hal_pwr.o(.rev16_text), (4 bytes).
    Removing stm32f4xx_hal_pwr.o(.revsh_text), (4 bytes).
    Removing stm32f4xx_hal_pwr.o(.rrx_text), (6 bytes).
    Removing stm32f4xx_hal_pwr.o(i.HAL_PWR_ConfigPVD), (124 bytes).
    Removing stm32f4xx_hal_pwr.o(i.HAL_PWR_DeInit), (24 bytes).
    Removing stm32f4xx_hal_pwr.o(i.HAL_PWR_DisableBkUpAccess), (28 bytes).
    Removing stm32f4xx_hal_pwr.o(i.HAL_PWR_DisablePVD), (24 bytes).
    Removing stm32f4xx_hal_pwr.o(i.HAL_PWR_DisableSEVOnPend), (16 bytes).
    Removing stm32f4xx_hal_pwr.o(i.HAL_PWR_DisableSleepOnExit), (16 bytes).
    Removing stm32f4xx_hal_pwr.o(i.HAL_PWR_DisableWakeUpPin), (16 bytes).
    Removing stm32f4xx_hal_pwr.o(i.HAL_PWR_EnableBkUpAccess), (24 bytes).
    Removing stm32f4xx_hal_pwr.o(i.HAL_PWR_EnablePVD), (24 bytes).
    Removing stm32f4xx_hal_pwr.o(i.HAL_PWR_EnableSEVOnPend), (16 bytes).
    Removing stm32f4xx_hal_pwr.o(i.HAL_PWR_EnableSleepOnExit), (16 bytes).
    Removing stm32f4xx_hal_pwr.o(i.HAL_PWR_EnableWakeUpPin), (16 bytes).
    Removing stm32f4xx_hal_pwr.o(i.HAL_PWR_EnterSLEEPMode), (32 bytes).
    Removing stm32f4xx_hal_pwr.o(i.HAL_PWR_EnterSTANDBYMode), (32 bytes).
    Removing stm32f4xx_hal_pwr.o(i.HAL_PWR_EnterSTOPMode), (56 bytes).
    Removing stm32f4xx_hal_pwr.o(i.HAL_PWR_PVDCallback), (2 bytes).
    Removing stm32f4xx_hal_pwr.o(i.HAL_PWR_PVD_IRQHandler), (28 bytes).
    Removing stm32f4xx_hal_pwr_ex.o(.rev16_text), (4 bytes).
    Removing stm32f4xx_hal_pwr_ex.o(.revsh_text), (4 bytes).
    Removing stm32f4xx_hal_pwr_ex.o(.rrx_text), (6 bytes).
    Removing stm32f4xx_hal_pwr_ex.o(i.HAL_PWREx_ControlVoltageScaling), (176 bytes).
    Removing stm32f4xx_hal_pwr_ex.o(i.HAL_PWREx_DisableBkUpReg), (76 bytes).
    Removing stm32f4xx_hal_pwr_ex.o(i.HAL_PWREx_DisableFlashPowerDown), (28 bytes).
    Removing stm32f4xx_hal_pwr_ex.o(i.HAL_PWREx_DisableLowRegulatorLowVoltage), (28 bytes).
    Removing stm32f4xx_hal_pwr_ex.o(i.HAL_PWREx_DisableMainRegulatorLowVoltage), (28 bytes).
    Removing stm32f4xx_hal_pwr_ex.o(i.HAL_PWREx_EnableBkUpReg), (76 bytes).
    Removing stm32f4xx_hal_pwr_ex.o(i.HAL_PWREx_EnableFlashPowerDown), (24 bytes).
    Removing stm32f4xx_hal_pwr_ex.o(i.HAL_PWREx_EnableLowRegulatorLowVoltage), (24 bytes).
    Removing stm32f4xx_hal_pwr_ex.o(i.HAL_PWREx_EnableMainRegulatorLowVoltage), (24 bytes).
    Removing stm32f4xx_hal_pwr_ex.o(i.HAL_PWREx_GetVoltageRange), (16 bytes).
    Removing stm32f4xx_hal_tim.o(.rev16_text), (4 bytes).
    Removing stm32f4xx_hal_tim.o(.revsh_text), (4 bytes).
    Removing stm32f4xx_hal_tim.o(.rrx_text), (6 bytes).
    Removing stm32f4xx_hal_tim.o(i.HAL_TIM_Base_DeInit), (56 bytes).
    Removing stm32f4xx_hal_tim.o(i.HAL_TIM_Base_GetState), (6 bytes).
    Removing stm32f4xx_hal_tim.o(i.HAL_TIM_Base_MspDeInit), (2 bytes).
    Removing stm32f4xx_hal_tim.o(i.HAL_TIM_Base_MspInit), (2 bytes).
    Removing stm32f4xx_hal_tim.o(i.HAL_TIM_Base_Start), (26 bytes).
    Removing stm32f4xx_hal_tim.o(i.HAL_TIM_Base_Start_DMA), (92 bytes).
    Removing stm32f4xx_hal_tim.o(i.HAL_TIM_Base_Stop), (44 bytes).
    Removing stm32f4xx_hal_tim.o(i.HAL_TIM_Base_Stop_DMA), (48 bytes).
    Removing stm32f4xx_hal_tim.o(i.HAL_TIM_Base_Stop_IT), (42 bytes).
    Removing stm32f4xx_hal_tim.o(i.HAL_TIM_ConfigClockSource), (242 bytes).
    Removing stm32f4xx_hal_tim.o(i.HAL_TIM_ConfigOCrefClear), (174 bytes).
    Removing stm32f4xx_hal_tim.o(i.HAL_TIM_ConfigTI1Input), (16 bytes).
    Removing stm32f4xx_hal_tim.o(i.HAL_TIM_DMABurst_ReadStart), (260 bytes).
    Removing stm32f4xx_hal_tim.o(i.HAL_TIM_DMABurst_ReadStop), (96 bytes).
    Removing stm32f4xx_hal_tim.o(i.HAL_TIM_DMABurst_WriteStart), (260 bytes).
    Removing stm32f4xx_hal_tim.o(i.HAL_TIM_DMABurst_WriteStop), (96 bytes).
    Removing stm32f4xx_hal_tim.o(i.HAL_TIM_Encoder_DeInit), (56 bytes).
    Removing stm32f4xx_hal_tim.o(i.HAL_TIM_Encoder_GetState), (6 bytes).
    Removing stm32f4xx_hal_tim.o(i.HAL_TIM_Encoder_Init), (150 bytes).
    Removing stm32f4xx_hal_tim.o(i.HAL_TIM_Encoder_MspDeInit), (2 bytes).
    Removing stm32f4xx_hal_tim.o(i.HAL_TIM_Encoder_MspInit), (2 bytes).
    Removing stm32f4xx_hal_tim.o(i.HAL_TIM_Encoder_Start), (52 bytes).
    Removing stm32f4xx_hal_tim.o(i.HAL_TIM_Encoder_Start_DMA), (272 bytes).
    Removing stm32f4xx_hal_tim.o(i.HAL_TIM_Encoder_Start_IT), (92 bytes).
    Removing stm32f4xx_hal_tim.o(i.HAL_TIM_Encoder_Stop), (70 bytes).
    Removing stm32f4xx_hal_tim.o(i.HAL_TIM_Encoder_Stop_DMA), (116 bytes).
    Removing stm32f4xx_hal_tim.o(i.HAL_TIM_Encoder_Stop_IT), (116 bytes).
    Removing stm32f4xx_hal_tim.o(i.HAL_TIM_ErrorCallback), (2 bytes).
    Removing stm32f4xx_hal_tim.o(i.HAL_TIM_GenerateEvent), (38 bytes).
    Removing stm32f4xx_hal_tim.o(i.HAL_TIM_IC_ConfigChannel), (286 bytes).
    Removing stm32f4xx_hal_tim.o(i.HAL_TIM_IC_DeInit), (56 bytes).
    Removing stm32f4xx_hal_tim.o(i.HAL_TIM_IC_GetState), (6 bytes).
    Removing stm32f4xx_hal_tim.o(i.HAL_TIM_IC_Init), (54 bytes).
    Removing stm32f4xx_hal_tim.o(i.HAL_TIM_IC_MspDeInit), (2 bytes).
    Removing stm32f4xx_hal_tim.o(i.HAL_TIM_IC_MspInit), (2 bytes).
    Removing stm32f4xx_hal_tim.o(i.HAL_TIM_IC_Start), (26 bytes).
    Removing stm32f4xx_hal_tim.o(i.HAL_TIM_IC_Start_DMA), (200 bytes).
    Removing stm32f4xx_hal_tim.o(i.HAL_TIM_IC_Start_IT), (76 bytes).
    Removing stm32f4xx_hal_tim.o(i.HAL_TIM_IC_Stop), (44 bytes).
    Removing stm32f4xx_hal_tim.o(i.HAL_TIM_IC_Stop_DMA), (100 bytes).
    Removing stm32f4xx_hal_tim.o(i.HAL_TIM_IC_Stop_IT), (94 bytes).
    Removing stm32f4xx_hal_tim.o(i.HAL_TIM_OC_ConfigChannel), (86 bytes).
    Removing stm32f4xx_hal_tim.o(i.HAL_TIM_OC_DeInit), (56 bytes).
    Removing stm32f4xx_hal_tim.o(i.HAL_TIM_OC_GetState), (6 bytes).
    Removing stm32f4xx_hal_tim.o(i.HAL_TIM_OC_Init), (54 bytes).
    Removing stm32f4xx_hal_tim.o(i.HAL_TIM_OC_MspDeInit), (2 bytes).
    Removing stm32f4xx_hal_tim.o(i.HAL_TIM_OC_MspInit), (2 bytes).
    Removing stm32f4xx_hal_tim.o(i.HAL_TIM_OC_Start), (48 bytes).
    Removing stm32f4xx_hal_tim.o(i.HAL_TIM_OC_Start_DMA), (228 bytes).
    Removing stm32f4xx_hal_tim.o(i.HAL_TIM_OC_Start_IT), (96 bytes).
    Removing stm32f4xx_hal_tim.o(i.HAL_TIM_OC_Stop), (76 bytes).
    Removing stm32f4xx_hal_tim.o(i.HAL_TIM_OC_Stop_DMA), (132 bytes).
    Removing stm32f4xx_hal_tim.o(i.HAL_TIM_OC_Stop_IT), (128 bytes).
    Removing stm32f4xx_hal_tim.o(i.HAL_TIM_OnePulse_ConfigChannel), (218 bytes).
    Removing stm32f4xx_hal_tim.o(i.HAL_TIM_OnePulse_DeInit), (56 bytes).
    Removing stm32f4xx_hal_tim.o(i.HAL_TIM_OnePulse_GetState), (6 bytes).
    Removing stm32f4xx_hal_tim.o(i.HAL_TIM_OnePulse_Init), (74 bytes).
    Removing stm32f4xx_hal_tim.o(i.HAL_TIM_OnePulse_MspDeInit), (2 bytes).
    Removing stm32f4xx_hal_tim.o(i.HAL_TIM_OnePulse_MspInit), (2 bytes).
    Removing stm32f4xx_hal_tim.o(i.HAL_TIM_OnePulse_Start), (48 bytes).
    Removing stm32f4xx_hal_tim.o(i.HAL_TIM_OnePulse_Start_IT), (68 bytes).
    Removing stm32f4xx_hal_tim.o(i.HAL_TIM_OnePulse_Stop), (88 bytes).
    Removing stm32f4xx_hal_tim.o(i.HAL_TIM_OnePulse_Stop_IT), (108 bytes).
    Removing stm32f4xx_hal_tim.o(i.HAL_TIM_PWM_ConfigChannel), (208 bytes).
    Removing stm32f4xx_hal_tim.o(i.HAL_TIM_PWM_DeInit), (56 bytes).
    Removing stm32f4xx_hal_tim.o(i.HAL_TIM_PWM_GetState), (6 bytes).
    Removing stm32f4xx_hal_tim.o(i.HAL_TIM_PWM_Init), (54 bytes).
    Removing stm32f4xx_hal_tim.o(i.HAL_TIM_PWM_MspDeInit), (2 bytes).
    Removing stm32f4xx_hal_tim.o(i.HAL_TIM_PWM_MspInit), (2 bytes).
    Removing stm32f4xx_hal_tim.o(i.HAL_TIM_PWM_Start), (48 bytes).
    Removing stm32f4xx_hal_tim.o(i.HAL_TIM_PWM_Start_DMA), (228 bytes).
    Removing stm32f4xx_hal_tim.o(i.HAL_TIM_PWM_Start_IT), (96 bytes).
    Removing stm32f4xx_hal_tim.o(i.HAL_TIM_PWM_Stop), (84 bytes).
    Removing stm32f4xx_hal_tim.o(i.HAL_TIM_PWM_Stop_DMA), (132 bytes).
    Removing stm32f4xx_hal_tim.o(i.HAL_TIM_PWM_Stop_IT), (128 bytes).
    Removing stm32f4xx_hal_tim.o(i.HAL_TIM_PeriodElapsedCallback), (2 bytes).
    Removing stm32f4xx_hal_tim.o(i.HAL_TIM_ReadCapturedValue), (68 bytes).
    Removing stm32f4xx_hal_tim.o(i.HAL_TIM_SlaveConfigSynchronization), (66 bytes).
    Removing stm32f4xx_hal_tim.o(i.HAL_TIM_SlaveConfigSynchronization_IT), (66 bytes).
    Removing stm32f4xx_hal_tim.o(i.TIM_CCxChannelCmd), (22 bytes).
    Removing stm32f4xx_hal_tim.o(i.TIM_DMACaptureCplt), (62 bytes).
    Removing stm32f4xx_hal_tim.o(i.TIM_DMADelayPulseCplt), (62 bytes).
    Removing stm32f4xx_hal_tim.o(i.TIM_DMAError), (16 bytes).
    Removing stm32f4xx_hal_tim.o(i.TIM_DMAPeriodElapsedCplt), (16 bytes).
    Removing stm32f4xx_hal_tim.o(i.TIM_DMATriggerCplt), (16 bytes).
    Removing stm32f4xx_hal_tim.o(i.TIM_ETR_SetConfig), (20 bytes).
    Removing stm32f4xx_hal_tim.o(i.TIM_ITRx_SetConfig), (16 bytes).
    Removing stm32f4xx_hal_tim.o(i.TIM_OC1_SetConfig), (80 bytes).
    Removing stm32f4xx_hal_tim.o(i.TIM_OC2_SetConfig), (88 bytes).
    Removing stm32f4xx_hal_tim.o(i.TIM_OC3_SetConfig), (88 bytes).
    Removing stm32f4xx_hal_tim.o(i.TIM_OC4_SetConfig), (68 bytes).
    Removing stm32f4xx_hal_tim.o(i.TIM_SlaveTimer_SetConfig), (124 bytes).
    Removing stm32f4xx_hal_tim.o(i.TIM_TI1_ConfigInputStage), (34 bytes).
    Removing stm32f4xx_hal_tim.o(i.TIM_TI1_SetConfig), (112 bytes).
    Removing stm32f4xx_hal_tim.o(i.TIM_TI2_ConfigInputStage), (36 bytes).
    Removing stm32f4xx_hal_tim.o(i.TIM_TI2_SetConfig), (54 bytes).
    Removing stm32f4xx_hal_flash.o(.rev16_text), (4 bytes).
    Removing stm32f4xx_hal_flash.o(.revsh_text), (4 bytes).
    Removing stm32f4xx_hal_flash.o(.rrx_text), (6 bytes).
    Removing stm32f4xx_hal_flash.o(i.FLASH_Program_Byte), (32 bytes).
    Removing stm32f4xx_hal_flash.o(i.FLASH_Program_DoubleWord), (40 bytes).
    Removing stm32f4xx_hal_flash.o(i.FLASH_Program_HalfWord), (36 bytes).
    Removing stm32f4xx_hal_flash.o(i.FLASH_Program_Word), (36 bytes).
    Removing stm32f4xx_hal_flash.o(i.FLASH_SetErrorCode), (124 bytes).
    Removing stm32f4xx_hal_flash.o(i.FLASH_WaitForLastOperation), (80 bytes).
    Removing stm32f4xx_hal_flash.o(i.HAL_FLASH_EndOfOperationCallback), (2 bytes).
    Removing stm32f4xx_hal_flash.o(i.HAL_FLASH_GetError), (12 bytes).
    Removing stm32f4xx_hal_flash.o(i.HAL_FLASH_IRQHandler), (204 bytes).
    Removing stm32f4xx_hal_flash.o(i.HAL_FLASH_Lock), (20 bytes).
    Removing stm32f4xx_hal_flash.o(i.HAL_FLASH_OB_Launch), (24 bytes).
    Removing stm32f4xx_hal_flash.o(i.HAL_FLASH_OB_Lock), (20 bytes).
    Removing stm32f4xx_hal_flash.o(i.HAL_FLASH_OB_Unlock), (40 bytes).
    Removing stm32f4xx_hal_flash.o(i.HAL_FLASH_OperationErrorCallback), (2 bytes).
    Removing stm32f4xx_hal_flash.o(i.HAL_FLASH_Program), (124 bytes).
    Removing stm32f4xx_hal_flash.o(i.HAL_FLASH_Program_IT), (108 bytes).
    Removing stm32f4xx_hal_flash.o(i.HAL_FLASH_Unlock), (40 bytes).
    Removing stm32f4xx_hal_flash.o(.bss), (32 bytes).
    Removing stm32f4xx_hal_adc.o(.rev16_text), (4 bytes).
    Removing stm32f4xx_hal_adc.o(.revsh_text), (4 bytes).
    Removing stm32f4xx_hal_adc.o(.rrx_text), (6 bytes).
    Removing stm32f4xx_hal_adc.o(i.HAL_ADC_AnalogWDGConfig), (112 bytes).
    Removing stm32f4xx_hal_adc.o(i.HAL_ADC_DeInit), (60 bytes).
    Removing stm32f4xx_hal_adc.o(i.HAL_ADC_GetError), (4 bytes).
    Removing stm32f4xx_hal_adc.o(i.HAL_ADC_GetState), (4 bytes).
    Removing stm32f4xx_hal_adc.o(i.HAL_ADC_GetValue), (6 bytes).
    Removing stm32f4xx_hal_adc.o(i.HAL_ADC_IRQHandler), (316 bytes).
    Removing stm32f4xx_hal_adc.o(i.HAL_ADC_LevelOutOfWindowCallback), (2 bytes).
    Removing stm32f4xx_hal_adc.o(i.HAL_ADC_MspDeInit), (2 bytes).
    Removing stm32f4xx_hal_adc.o(i.HAL_ADC_MspInit), (2 bytes).
    Removing stm32f4xx_hal_adc.o(i.HAL_ADC_PollForConversion), (162 bytes).
    Removing stm32f4xx_hal_adc.o(i.HAL_ADC_PollForEvent), (108 bytes).
    Removing stm32f4xx_hal_adc.o(i.HAL_ADC_Start), (188 bytes).
    Removing stm32f4xx_hal_adc.o(i.HAL_ADC_Start_IT), (200 bytes).
    Removing stm32f4xx_hal_adc.o(i.HAL_ADC_Stop), (60 bytes).
    Removing stm32f4xx_hal_adc.o(i.HAL_ADC_Stop_DMA), (88 bytes).
    Removing stm32f4xx_hal_adc.o(i.HAL_ADC_Stop_IT), (72 bytes).
    Removing stm32f4xx_hal_adc_ex.o(.rev16_text), (4 bytes).
    Removing stm32f4xx_hal_adc_ex.o(.revsh_text), (4 bytes).
    Removing stm32f4xx_hal_adc_ex.o(.rrx_text), (6 bytes).
    Removing stm32f4xx_hal_adc_ex.o(i.ADC_MultiModeDMAConvCplt), (90 bytes).
    Removing stm32f4xx_hal_adc_ex.o(i.ADC_MultiModeDMAError), (18 bytes).
    Removing stm32f4xx_hal_adc_ex.o(i.ADC_MultiModeDMAHalfConvCplt), (6 bytes).
    Removing stm32f4xx_hal_adc_ex.o(i.HAL_ADCEx_InjectedConfigChannel), (448 bytes).
    Removing stm32f4xx_hal_adc_ex.o(i.HAL_ADCEx_InjectedConvCpltCallback), (2 bytes).
    Removing stm32f4xx_hal_adc_ex.o(i.HAL_ADCEx_InjectedGetValue), (58 bytes).
    Removing stm32f4xx_hal_adc_ex.o(i.HAL_ADCEx_InjectedPollForConversion), (136 bytes).
    Removing stm32f4xx_hal_adc_ex.o(i.HAL_ADCEx_InjectedStart), (196 bytes).
    Removing stm32f4xx_hal_adc_ex.o(i.HAL_ADCEx_InjectedStart_IT), (204 bytes).
    Removing stm32f4xx_hal_adc_ex.o(i.HAL_ADCEx_InjectedStop), (86 bytes).
    Removing stm32f4xx_hal_adc_ex.o(i.HAL_ADCEx_InjectedStop_IT), (94 bytes).
    Removing stm32f4xx_hal_adc_ex.o(i.HAL_ADCEx_MultiModeConfigChannel), (84 bytes).
    Removing stm32f4xx_hal_adc_ex.o(i.HAL_ADCEx_MultiModeGetValue), (12 bytes).
    Removing stm32f4xx_hal_adc_ex.o(i.HAL_ADCEx_MultiModeStart_DMA), (248 bytes).
    Removing stm32f4xx_hal_adc_ex.o(i.HAL_ADCEx_MultiModeStop_DMA), (96 bytes).
    Removing stm32f4xx_hal_spi.o(.rev16_text), (4 bytes).
    Removing stm32f4xx_hal_spi.o(.revsh_text), (4 bytes).
    Removing stm32f4xx_hal_spi.o(.rrx_text), (6 bytes).
    Removing stm32f4xx_hal_spi.o(i.HAL_SPI_Abort), (192 bytes).
    Removing stm32f4xx_hal_spi.o(i.HAL_SPI_AbortCpltCallback), (2 bytes).
    Removing stm32f4xx_hal_spi.o(i.HAL_SPI_Abort_IT), (232 bytes).
    Removing stm32f4xx_hal_spi.o(i.HAL_SPI_DMAPause), (38 bytes).
    Removing stm32f4xx_hal_spi.o(i.HAL_SPI_DMAResume), (38 bytes).
    Removing stm32f4xx_hal_spi.o(i.HAL_SPI_DMAStop), (40 bytes).
    Removing stm32f4xx_hal_spi.o(i.HAL_SPI_DeInit), (46 bytes).
    Removing stm32f4xx_hal_spi.o(i.HAL_SPI_ErrorCallback), (2 bytes).
    Removing stm32f4xx_hal_spi.o(i.HAL_SPI_GetError), (4 bytes).
    Removing stm32f4xx_hal_spi.o(i.HAL_SPI_GetState), (6 bytes).
    Removing stm32f4xx_hal_spi.o(i.HAL_SPI_IRQHandler), (212 bytes).
    Removing stm32f4xx_hal_spi.o(i.HAL_SPI_MspDeInit), (2 bytes).
    Removing stm32f4xx_hal_spi.o(i.HAL_SPI_MspInit), (2 bytes).
    Removing stm32f4xx_hal_spi.o(i.HAL_SPI_Receive), (336 bytes).
    Removing stm32f4xx_hal_spi.o(i.HAL_SPI_Receive_DMA), (212 bytes).
    Removing stm32f4xx_hal_spi.o(i.HAL_SPI_Receive_IT), (164 bytes).
    Removing stm32f4xx_hal_spi.o(i.HAL_SPI_RxCpltCallback), (2 bytes).
    Removing stm32f4xx_hal_spi.o(i.HAL_SPI_RxHalfCpltCallback), (2 bytes).
    Removing stm32f4xx_hal_spi.o(i.HAL_SPI_TransmitReceive), (472 bytes).
    Removing stm32f4xx_hal_spi.o(i.HAL_SPI_TransmitReceive_DMA), (264 bytes).
    Removing stm32f4xx_hal_spi.o(i.HAL_SPI_TransmitReceive_IT), (164 bytes).
    Removing stm32f4xx_hal_spi.o(i.HAL_SPI_Transmit_DMA), (184 bytes).
    Removing stm32f4xx_hal_spi.o(i.HAL_SPI_Transmit_IT), (152 bytes).
    Removing stm32f4xx_hal_spi.o(i.HAL_SPI_TxCpltCallback), (2 bytes).
    Removing stm32f4xx_hal_spi.o(i.HAL_SPI_TxHalfCpltCallback), (2 bytes).
    Removing stm32f4xx_hal_spi.o(i.HAL_SPI_TxRxCpltCallback), (2 bytes).
    Removing stm32f4xx_hal_spi.o(i.HAL_SPI_TxRxHalfCpltCallback), (2 bytes).
    Removing stm32f4xx_hal_spi.o(i.SPI_2linesRxISR_16BIT), (48 bytes).
    Removing stm32f4xx_hal_spi.o(i.SPI_2linesRxISR_8BIT), (46 bytes).
    Removing stm32f4xx_hal_spi.o(i.SPI_2linesTxISR_16BIT), (48 bytes).
    Removing stm32f4xx_hal_spi.o(i.SPI_2linesTxISR_8BIT), (46 bytes).
    Removing stm32f4xx_hal_spi.o(i.SPI_AbortRx_ISR), (80 bytes).
    Removing stm32f4xx_hal_spi.o(i.SPI_AbortTx_ISR), (22 bytes).
    Removing stm32f4xx_hal_spi.o(i.SPI_CloseRxTx_ISR), (144 bytes).
    Removing stm32f4xx_hal_spi.o(i.SPI_CloseRx_ISR), (78 bytes).
    Removing stm32f4xx_hal_spi.o(i.SPI_CloseTx_ISR), (124 bytes).
    Removing stm32f4xx_hal_spi.o(i.SPI_DMAAbortOnError), (16 bytes).
    Removing stm32f4xx_hal_spi.o(i.SPI_DMAError), (34 bytes).
    Removing stm32f4xx_hal_spi.o(i.SPI_DMAHalfReceiveCplt), (10 bytes).
    Removing stm32f4xx_hal_spi.o(i.SPI_DMAHalfTransmitCplt), (10 bytes).
    Removing stm32f4xx_hal_spi.o(i.SPI_DMAHalfTransmitReceiveCplt), (10 bytes).
    Removing stm32f4xx_hal_spi.o(i.SPI_DMAReceiveCplt), (82 bytes).
    Removing stm32f4xx_hal_spi.o(i.SPI_DMARxAbortCallback), (70 bytes).
    Removing stm32f4xx_hal_spi.o(i.SPI_DMATransmitCplt), (90 bytes).
    Removing stm32f4xx_hal_spi.o(i.SPI_DMATransmitReceiveCplt), (80 bytes).
    Removing stm32f4xx_hal_spi.o(i.SPI_DMATxAbortCallback), (104 bytes).
    Removing stm32f4xx_hal_spi.o(i.SPI_RxISR_16BIT), (32 bytes).
    Removing stm32f4xx_hal_spi.o(i.SPI_RxISR_8BIT), (30 bytes).
    Removing stm32f4xx_hal_spi.o(i.SPI_TxISR_16BIT), (32 bytes).
    Removing stm32f4xx_hal_spi.o(i.SPI_TxISR_8BIT), (30 bytes).
    Removing stm32f4xx_hal_uart.o(.rev16_text), (4 bytes).
    Removing stm32f4xx_hal_uart.o(.revsh_text), (4 bytes).
    Removing stm32f4xx_hal_uart.o(.rrx_text), (6 bytes).
    Removing stm32f4xx_hal_uart.o(i.HAL_HalfDuplex_EnableReceiver), (50 bytes).
    Removing stm32f4xx_hal_uart.o(i.HAL_HalfDuplex_EnableTransmitter), (50 bytes).
    Removing stm32f4xx_hal_uart.o(i.HAL_HalfDuplex_Init), (108 bytes).
    Removing stm32f4xx_hal_uart.o(i.HAL_LIN_Init), (128 bytes).
    Removing stm32f4xx_hal_uart.o(i.HAL_LIN_SendBreak), (46 bytes).
    Removing stm32f4xx_hal_uart.o(i.HAL_MultiProcessor_EnterMuteMode), (46 bytes).
    Removing stm32f4xx_hal_uart.o(i.HAL_MultiProcessor_ExitMuteMode), (46 bytes).
    Removing stm32f4xx_hal_uart.o(i.HAL_MultiProcessor_Init), (142 bytes).
    Removing stm32f4xx_hal_uart.o(i.HAL_UART_Abort), (104 bytes).
    Removing stm32f4xx_hal_uart.o(i.HAL_UART_AbortCpltCallback), (2 bytes).
    Removing stm32f4xx_hal_uart.o(i.HAL_UART_AbortReceive), (68 bytes).
    Removing stm32f4xx_hal_uart.o(i.HAL_UART_AbortReceiveCpltCallback), (2 bytes).
    Removing stm32f4xx_hal_uart.o(i.HAL_UART_AbortReceive_IT), (92 bytes).
    Removing stm32f4xx_hal_uart.o(i.HAL_UART_AbortTransmit), (58 bytes).
    Removing stm32f4xx_hal_uart.o(i.HAL_UART_AbortTransmitCpltCallback), (2 bytes).
    Removing stm32f4xx_hal_uart.o(i.HAL_UART_AbortTransmit_IT), (84 bytes).
    Removing stm32f4xx_hal_uart.o(i.HAL_UART_Abort_IT), (172 bytes).
    Removing stm32f4xx_hal_uart.o(i.HAL_UART_DMAPause), (102 bytes).
    Removing stm32f4xx_hal_uart.o(i.HAL_UART_DMAResume), (94 bytes).
    Removing stm32f4xx_hal_uart.o(i.HAL_UART_DMAStop), (88 bytes).
    Removing stm32f4xx_hal_uart.o(i.HAL_UART_DeInit), (40 bytes).
    Removing stm32f4xx_hal_uart.o(i.HAL_UART_GetError), (4 bytes).
    Removing stm32f4xx_hal_uart.o(i.HAL_UART_GetState), (10 bytes).
    Removing stm32f4xx_hal_uart.o(i.HAL_UART_MspDeInit), (2 bytes).
    Removing stm32f4xx_hal_uart.o(i.HAL_UART_MspInit), (2 bytes).
    Removing stm32f4xx_hal_uart.o(i.HAL_UART_Receive), (184 bytes).
    Removing stm32f4xx_hal_uart.o(i.HAL_UART_Receive_IT), (72 bytes).
    Removing stm32f4xx_hal_uart.o(i.HAL_UART_RxCpltCallback), (2 bytes).
    Removing stm32f4xx_hal_uart.o(i.HAL_UART_Transmit), (186 bytes).
    Removing stm32f4xx_hal_uart.o(i.HAL_UART_Transmit_IT), (62 bytes).
    Removing stm32f4xx_hal_uart.o(i.UART_DMARxAbortCallback), (42 bytes).
    Removing stm32f4xx_hal_uart.o(i.UART_DMARxOnlyAbortCallback), (20 bytes).
    Removing stm32f4xx_hal_uart.o(i.UART_DMATxAbortCallback), (42 bytes).
    Removing stm32f4xx_hal_uart.o(i.UART_DMATxOnlyAbortCallback), (20 bytes).
    Removing stm32f4xx_hal_uart.o(i.UART_WaitOnFlagUntilTimeout), (100 bytes).
    Removing stm32f4xx_it.o(.rev16_text), (4 bytes).
    Removing stm32f4xx_it.o(.revsh_text), (4 bytes).
    Removing stm32f4xx_it.o(.rrx_text), (6 bytes).
    Removing stm32f4xx_hal_msp.o(.rev16_text), (4 bytes).
    Removing stm32f4xx_hal_msp.o(.revsh_text), (4 bytes).
    Removing stm32f4xx_hal_msp.o(.rrx_text), (6 bytes).
    Removing stm32f4xx_hal_msp.o(i.HAL_ADC_MspDeInit), (56 bytes).
    Removing stm32f4xx_hal_msp.o(i.HAL_SPI_MspDeInit), (60 bytes).
    Removing stm32f4xx_hal_msp.o(i.HAL_TIM_Base_MspDeInit), (36 bytes).
    Removing stm32f4xx_hal_msp.o(i.HAL_UART_MspDeInit), (68 bytes).
    Removing main.o(.rev16_text), (4 bytes).
    Removing main.o(.revsh_text), (4 bytes).
    Removing main.o(.rrx_text), (6 bytes).
    Removing main.o(i.liczenie_pulsu), (2 bytes).
    Removing main.o(i.menu2), (2 bytes).
    Removing main.o(.bss), (50 bytes).
    Removing main.o(.data), (2 bytes).
    Removing fonts.o(.rev16_text), (4 bytes).
    Removing fonts.o(.revsh_text), (4 bytes).
    Removing fonts.o(.rrx_text), (6 bytes).
    Removing fonts.o(.constdata), (352 bytes).
    Removing fonts.o(.constdata), (704 bytes).
    Removing fonts.o(.constdata), (96 bytes).
    Removing fonts.o(.constdata), (16 bytes).
    Removing fonts.o(.constdata), (16 bytes).
    Removing fonts.o(.constdata), (16 bytes).
    Removing fonts.o(.constdata), (8 bytes).
    Removing fonts.o(.constdata), (8 bytes).
    Removing fonts.o(.constdata), (8 bytes).
    Removing ssd1331.o(.rev16_text), (4 bytes).
    Removing ssd1331.o(.revsh_text), (4 bytes).
    Removing ssd1331.o(.rrx_text), (6 bytes).
    Removing ssd1331.o(i.ssd1331_display_num), (144 bytes).
    Removing ssd1331.o(i.ssd1331_draw_1616char), (100 bytes).
    Removing ssd1331.o(i.ssd1331_draw_3216char), (100 bytes).
    Removing ssd1331.o(i.ssd1331_draw_bitmap), (94 bytes).
    Removing ssd1331.o(i.ssd1331_draw_circle), (144 bytes).
    Removing ssd1331.o(i.ssd1331_draw_h_line), (50 bytes).
    Removing ssd1331.o(i.ssd1331_draw_rect), (80 bytes).
    Removing ssd1331.o(i.ssd1331_draw_v_line), (50 bytes).
    Removing ssd1331.o(i.ssd1331_fill_rect), (74 bytes).

464 unused section(s) (total 31204 bytes) removed from the image.

==============================================================================

Image Symbol Table

    Local Symbols

    Symbol Name                              Value     Ov Type        Size  Object(Section)

    ../Drivers/STM32F4xx_HAL_Driver/Src/stm32f4xx_hal.c 0x00000000   Number         0  stm32f4xx_hal.o ABSOLUTE
    ../Drivers/STM32F4xx_HAL_Driver/Src/stm32f4xx_hal_adc.c 0x00000000   Number         0  stm32f4xx_hal_adc.o ABSOLUTE
    ../Drivers/STM32F4xx_HAL_Driver/Src/stm32f4xx_hal_adc_ex.c 0x00000000   Number         0  stm32f4xx_hal_adc_ex.o ABSOLUTE
    ../Drivers/STM32F4xx_HAL_Driver/Src/stm32f4xx_hal_cortex.c 0x00000000   Number         0  stm32f4xx_hal_cortex.o ABSOLUTE
    ../Drivers/STM32F4xx_HAL_Driver/Src/stm32f4xx_hal_dma.c 0x00000000   Number         0  stm32f4xx_hal_dma.o ABSOLUTE
    ../Drivers/STM32F4xx_HAL_Driver/Src/stm32f4xx_hal_dma_ex.c 0x00000000   Number         0  stm32f4xx_hal_dma_ex.o ABSOLUTE
    ../Drivers/STM32F4xx_HAL_Driver/Src/stm32f4xx_hal_flash.c 0x00000000   Number         0  stm32f4xx_hal_flash.o ABSOLUTE
    ../Drivers/STM32F4xx_HAL_Driver/Src/stm32f4xx_hal_flash_ex.c 0x00000000   Number         0  stm32f4xx_hal_flash_ex.o ABSOLUTE
    ../Drivers/STM32F4xx_HAL_Driver/Src/stm32f4xx_hal_flash_ramfunc.c 0x00000000   Number         0  stm32f4xx_hal_flash_ramfunc.o ABSOLUTE
    ../Drivers/STM32F4xx_HAL_Driver/Src/stm32f4xx_hal_gpio.c 0x00000000   Number         0  stm32f4xx_hal_gpio.o ABSOLUTE
    ../Drivers/STM32F4xx_HAL_Driver/Src/stm32f4xx_hal_pwr.c 0x00000000   Number         0  stm32f4xx_hal_pwr.o ABSOLUTE
    ../Drivers/STM32F4xx_HAL_Driver/Src/stm32f4xx_hal_pwr_ex.c 0x00000000   Number         0  stm32f4xx_hal_pwr_ex.o ABSOLUTE
    ../Drivers/STM32F4xx_HAL_Driver/Src/stm32f4xx_hal_rcc.c 0x00000000   Number         0  stm32f4xx_hal_rcc.o ABSOLUTE
    ../Drivers/STM32F4xx_HAL_Driver/Src/stm32f4xx_hal_rcc_ex.c 0x00000000   Number         0  stm32f4xx_hal_rcc_ex.o ABSOLUTE
    ../Drivers/STM32F4xx_HAL_Driver/Src/stm32f4xx_hal_spi.c 0x00000000   Number         0  stm32f4xx_hal_spi.o ABSOLUTE
    ../Drivers/STM32F4xx_HAL_Driver/Src/stm32f4xx_hal_tim.c 0x00000000   Number         0  stm32f4xx_hal_tim.o ABSOLUTE
    ../Drivers/STM32F4xx_HAL_Driver/Src/stm32f4xx_hal_tim_ex.c 0x00000000   Number         0  stm32f4xx_hal_tim_ex.o ABSOLUTE
    ../Drivers/STM32F4xx_HAL_Driver/Src/stm32f4xx_hal_uart.c 0x00000000   Number         0  stm32f4xx_hal_uart.o ABSOLUTE
    ../Src/main.c                            0x00000000   Number         0  main.o ABSOLUTE
    ../Src/stm32f4xx_hal_msp.c               0x00000000   Number         0  stm32f4xx_hal_msp.o ABSOLUTE
    ../Src/stm32f4xx_it.c                    0x00000000   Number         0  stm32f4xx_it.o ABSOLUTE
    ../Src/system_stm32f4xx.c                0x00000000   Number         0  system_stm32f4xx.o ABSOLUTE
    ../clib/microlib/init/entry.s            0x00000000   Number         0  entry7a.o ABSOLUTE
    ../clib/microlib/init/entry.s            0x00000000   Number         0  entry5.o ABSOLUTE
    ../clib/microlib/init/entry.s            0x00000000   Number         0  entry2.o ABSOLUTE
    ../clib/microlib/init/entry.s            0x00000000   Number         0  entry11b.o ABSOLUTE
    ../clib/microlib/init/entry.s            0x00000000   Number         0  entry11a.o ABSOLUTE
    ../clib/microlib/init/entry.s            0x00000000   Number         0  entry10a.o ABSOLUTE
    ../clib/microlib/init/entry.s            0x00000000   Number         0  entry10b.o ABSOLUTE
    ../clib/microlib/init/entry.s            0x00000000   Number         0  entry9b.o ABSOLUTE
    ../clib/microlib/init/entry.s            0x00000000   Number         0  entry9a.o ABSOLUTE
    ../clib/microlib/init/entry.s            0x00000000   Number         0  entry.o ABSOLUTE
    ../clib/microlib/init/entry.s            0x00000000   Number         0  entry8b.o ABSOLUTE
    ../clib/microlib/init/entry.s            0x00000000   Number         0  entry8a.o ABSOLUTE
    ../clib/microlib/init/entry.s            0x00000000   Number         0  entry7b.o ABSOLUTE
    ..\Drivers\STM32F4xx_HAL_Driver\Src\stm32f4xx_hal.c 0x00000000   Number         0  stm32f4xx_hal.o ABSOLUTE
    ..\Drivers\STM32F4xx_HAL_Driver\Src\stm32f4xx_hal_adc.c 0x00000000   Number         0  stm32f4xx_hal_adc.o ABSOLUTE
    ..\Drivers\STM32F4xx_HAL_Driver\Src\stm32f4xx_hal_adc_ex.c 0x00000000   Number         0  stm32f4xx_hal_adc_ex.o ABSOLUTE
    ..\Drivers\STM32F4xx_HAL_Driver\Src\stm32f4xx_hal_cortex.c 0x00000000   Number         0  stm32f4xx_hal_cortex.o ABSOLUTE
    ..\Drivers\STM32F4xx_HAL_Driver\Src\stm32f4xx_hal_dma.c 0x00000000   Number         0  stm32f4xx_hal_dma.o ABSOLUTE
    ..\Drivers\STM32F4xx_HAL_Driver\Src\stm32f4xx_hal_dma_ex.c 0x00000000   Number         0  stm32f4xx_hal_dma_ex.o ABSOLUTE
    ..\Drivers\STM32F4xx_HAL_Driver\Src\stm32f4xx_hal_flash.c 0x00000000   Number         0  stm32f4xx_hal_flash.o ABSOLUTE
    ..\Drivers\STM32F4xx_HAL_Driver\Src\stm32f4xx_hal_flash_ex.c 0x00000000   Number         0  stm32f4xx_hal_flash_ex.o ABSOLUTE
    ..\Drivers\STM32F4xx_HAL_Driver\Src\stm32f4xx_hal_flash_ramfunc.c 0x00000000   Number         0  stm32f4xx_hal_flash_ramfunc.o ABSOLUTE
    ..\Drivers\STM32F4xx_HAL_Driver\Src\stm32f4xx_hal_gpio.c 0x00000000   Number         0  stm32f4xx_hal_gpio.o ABSOLUTE
    ..\Drivers\STM32F4xx_HAL_Driver\Src\stm32f4xx_hal_pwr.c 0x00000000   Number         0  stm32f4xx_hal_pwr.o ABSOLUTE
    ..\Drivers\STM32F4xx_HAL_Driver\Src\stm32f4xx_hal_pwr_ex.c 0x00000000   Number         0  stm32f4xx_hal_pwr_ex.o ABSOLUTE
    ..\Drivers\STM32F4xx_HAL_Driver\Src\stm32f4xx_hal_rcc.c 0x00000000   Number         0  stm32f4xx_hal_rcc.o ABSOLUTE
    ..\Drivers\STM32F4xx_HAL_Driver\Src\stm32f4xx_hal_rcc_ex.c 0x00000000   Number         0  stm32f4xx_hal_rcc_ex.o ABSOLUTE
    ..\Drivers\STM32F4xx_HAL_Driver\Src\stm32f4xx_hal_spi.c 0x00000000   Number         0  stm32f4xx_hal_spi.o ABSOLUTE
    ..\Drivers\STM32F4xx_HAL_Driver\Src\stm32f4xx_hal_tim.c 0x00000000   Number         0  stm32f4xx_hal_tim.o ABSOLUTE
    ..\Drivers\STM32F4xx_HAL_Driver\Src\stm32f4xx_hal_tim_ex.c 0x00000000   Number         0  stm32f4xx_hal_tim_ex.o ABSOLUTE
    ..\Drivers\STM32F4xx_HAL_Driver\Src\stm32f4xx_hal_uart.c 0x00000000   Number         0  stm32f4xx_hal_uart.o ABSOLUTE
    ..\Src\Fonts.c                           0x00000000   Number         0  fonts.o ABSOLUTE
    ..\Src\SSD1331.c                         0x00000000   Number         0  ssd1331.o ABSOLUTE
    ..\Src\main.c                            0x00000000   Number         0  main.o ABSOLUTE
    ..\Src\stm32f4xx_hal_msp.c               0x00000000   Number         0  stm32f4xx_hal_msp.o ABSOLUTE
    ..\Src\stm32f4xx_it.c                    0x00000000   Number         0  stm32f4xx_it.o ABSOLUTE
    ..\Src\system_stm32f4xx.c                0x00000000   Number         0  system_stm32f4xx.o ABSOLUTE
    ..\\Src\\Fonts.c                         0x00000000   Number         0  fonts.o ABSOLUTE
    ..\\Src\\SSD1331.c                       0x00000000   Number         0  ssd1331.o ABSOLUTE
    dc.s                                     0x00000000   Number         0  dc.o ABSOLUTE
    handlers.s                               0x00000000   Number         0  handlers.o ABSOLUTE
    init.s                                   0x00000000   Number         0  init.o ABSOLUTE
    startup_stm32f411xe.s                    0x00000000   Number         0  startup_stm32f411xe.o ABSOLUTE
    RESET                                    0x08000000   Section      408  startup_stm32f411xe.o(RESET)
    .ARM.Collect$$$$00000000                 0x08000198   Section        0  entry.o(.ARM.Collect$$$$00000000)
    .ARM.Collect$$$$00000001                 0x08000198   Section        4  entry2.o(.ARM.Collect$$$$00000001)
    .ARM.Collect$$$$00000004                 0x0800019c   Section        4  entry5.o(.ARM.Collect$$$$00000004)
    .ARM.Collect$$$$00000008                 0x080001a0   Section        0  entry7b.o(.ARM.Collect$$$$00000008)
    .ARM.Collect$$$$0000000A                 0x080001a0   Section        0  entry8b.o(.ARM.Collect$$$$0000000A)
    .ARM.Collect$$$$0000000B                 0x080001a0   Section        8  entry9a.o(.ARM.Collect$$$$0000000B)
    .ARM.Collect$$$$0000000D                 0x080001a8   Section        0  entry10a.o(.ARM.Collect$$$$0000000D)
    .ARM.Collect$$$$0000000F                 0x080001a8   Section        0  entry11a.o(.ARM.Collect$$$$0000000F)
    .ARM.Collect$$$$00002712                 0x080001a8   Section        4  entry2.o(.ARM.Collect$$$$00002712)
    __lit__00000000                          0x080001a8   Data           4  entry2.o(.ARM.Collect$$$$00002712)
    .text                                    0x080001ac   Section       36  startup_stm32f411xe.o(.text)
    $v0                                      0x080001ac   Number         0  startup_stm32f411xe.o(.text)
    .text                                    0x080001d0   Section       36  init.o(.text)
    i.ADC_DMAConvCplt                        0x080001f4   Section        0  stm32f4xx_hal_adc.o(i.ADC_DMAConvCplt)
    ADC_DMAConvCplt                          0x080001f5   Thumb Code    98  stm32f4xx_hal_adc.o(i.ADC_DMAConvCplt)
    i.ADC_DMAError                           0x08000256   Section        0  stm32f4xx_hal_adc.o(i.ADC_DMAError)
    ADC_DMAError                             0x08000257   Thumb Code    22  stm32f4xx_hal_adc.o(i.ADC_DMAError)
    i.ADC_DMAHalfConvCplt                    0x0800026c   Section        0  stm32f4xx_hal_adc.o(i.ADC_DMAHalfConvCplt)
    ADC_DMAHalfConvCplt                      0x0800026d   Thumb Code    10  stm32f4xx_hal_adc.o(i.ADC_DMAHalfConvCplt)
    i.ADC_Init                               0x08000278   Section        0  stm32f4xx_hal_adc.o(i.ADC_Init)
    ADC_Init                                 0x08000279   Thumb Code   292  stm32f4xx_hal_adc.o(i.ADC_Init)
    i.DMA2_Stream0_IRQHandler                0x080003a4   Section        0  stm32f4xx_it.o(i.DMA2_Stream0_IRQHandler)
    i.DMA2_Stream2_IRQHandler                0x080003b0   Section        0  stm32f4xx_it.o(i.DMA2_Stream2_IRQHandler)
    i.DMA2_Stream7_IRQHandler                0x080003bc   Section        0  stm32f4xx_it.o(i.DMA2_Stream7_IRQHandler)
    i.DMA_CalcBaseAndBitshift                0x080003c8   Section        0  stm32f4xx_hal_dma.o(i.DMA_CalcBaseAndBitshift)
    DMA_CalcBaseAndBitshift                  0x080003c9   Thumb Code    34  stm32f4xx_hal_dma.o(i.DMA_CalcBaseAndBitshift)
    i.DMA_CheckFifoParam                     0x080003f0   Section        0  stm32f4xx_hal_dma.o(i.DMA_CheckFifoParam)
    DMA_CheckFifoParam                       0x080003f1   Thumb Code    84  stm32f4xx_hal_dma.o(i.DMA_CheckFifoParam)
    i.DMA_SetConfig                          0x08000444   Section        0  stm32f4xx_hal_dma.o(i.DMA_SetConfig)
    DMA_SetConfig                            0x08000445   Thumb Code    40  stm32f4xx_hal_dma.o(i.DMA_SetConfig)
    i.EXTI0_IRQHandler                       0x0800046c   Section        0  stm32f4xx_it.o(i.EXTI0_IRQHandler)
    i.EXTI2_IRQHandler                       0x08000472   Section        0  stm32f4xx_it.o(i.EXTI2_IRQHandler)
    i.EXTI4_IRQHandler                       0x08000478   Section        0  stm32f4xx_it.o(i.EXTI4_IRQHandler)
    i.HAL_ADC_ConfigChannel                  0x08000480   Section        0  stm32f4xx_hal_adc.o(i.HAL_ADC_ConfigChannel)
    i.HAL_ADC_ConvCpltCallback               0x080005d4   Section        0  stm32f4xx_hal_adc.o(i.HAL_ADC_ConvCpltCallback)
    i.HAL_ADC_ConvHalfCpltCallback           0x080005d6   Section        0  stm32f4xx_hal_adc.o(i.HAL_ADC_ConvHalfCpltCallback)
    i.HAL_ADC_ErrorCallback                  0x080005d8   Section        0  stm32f4xx_hal_adc.o(i.HAL_ADC_ErrorCallback)
    i.HAL_ADC_Init                           0x080005da   Section        0  stm32f4xx_hal_adc.o(i.HAL_ADC_Init)
    i.HAL_ADC_MspInit                        0x08000630   Section        0  stm32f4xx_hal_msp.o(i.HAL_ADC_MspInit)
    i.HAL_ADC_Start_DMA                      0x080006cc   Section        0  stm32f4xx_hal_adc.o(i.HAL_ADC_Start_DMA)
    i.HAL_DMA_Abort_IT                       0x080007cc   Section        0  stm32f4xx_hal_dma.o(i.HAL_DMA_Abort_IT)
    i.HAL_DMA_IRQHandler                     0x080007f0   Section        0  stm32f4xx_hal_dma.o(i.HAL_DMA_IRQHandler)
    i.HAL_DMA_Init                           0x08000998   Section        0  stm32f4xx_hal_dma.o(i.HAL_DMA_Init)
    i.HAL_DMA_Start_IT                       0x08000a6c   Section        0  stm32f4xx_hal_dma.o(i.HAL_DMA_Start_IT)
    i.HAL_Delay                              0x08000ae4   Section        0  stm32f4xx_hal.o(i.HAL_Delay)
    i.HAL_GPIO_EXTI_Callback                 0x08000b00   Section        0  main.o(i.HAL_GPIO_EXTI_Callback)
    i.HAL_GPIO_EXTI_IRQHandler               0x08000b30   Section        0  stm32f4xx_hal_gpio.o(i.HAL_GPIO_EXTI_IRQHandler)
    i.HAL_GPIO_Init                          0x08000b48   Section        0  stm32f4xx_hal_gpio.o(i.HAL_GPIO_Init)
    i.HAL_GPIO_ReadPin                       0x08000cd0   Section        0  stm32f4xx_hal_gpio.o(i.HAL_GPIO_ReadPin)
    i.HAL_GPIO_WritePin                      0x08000cda   Section        0  stm32f4xx_hal_gpio.o(i.HAL_GPIO_WritePin)
    i.HAL_GetTick                            0x08000ce4   Section        0  stm32f4xx_hal.o(i.HAL_GetTick)
    i.HAL_IncTick                            0x08000cf0   Section        0  stm32f4xx_hal.o(i.HAL_IncTick)
    i.HAL_Init                               0x08000d00   Section        0  stm32f4xx_hal.o(i.HAL_Init)
    i.HAL_InitTick                           0x08000d34   Section        0  stm32f4xx_hal.o(i.HAL_InitTick)
    i.HAL_MspInit                            0x08000d5c   Section        0  stm32f4xx_hal_msp.o(i.HAL_MspInit)
    i.HAL_NVIC_EnableIRQ                     0x08000db4   Section        0  stm32f4xx_hal_cortex.o(i.HAL_NVIC_EnableIRQ)
    i.HAL_NVIC_SetPriority                   0x08000dcc   Section        0  stm32f4xx_hal_cortex.o(i.HAL_NVIC_SetPriority)
    i.HAL_NVIC_SetPriorityGrouping           0x08000e0c   Section        0  stm32f4xx_hal_cortex.o(i.HAL_NVIC_SetPriorityGrouping)
    i.HAL_RCC_ClockConfig                    0x08000e30   Section        0  stm32f4xx_hal_rcc.o(i.HAL_RCC_ClockConfig)
    i.HAL_RCC_GetHCLKFreq                    0x08000fac   Section        0  stm32f4xx_hal_rcc.o(i.HAL_RCC_GetHCLKFreq)
    i.HAL_RCC_GetPCLK1Freq                   0x08000fb8   Section        0  stm32f4xx_hal_rcc.o(i.HAL_RCC_GetPCLK1Freq)
    i.HAL_RCC_GetPCLK2Freq                   0x08000fe8   Section        0  stm32f4xx_hal_rcc.o(i.HAL_RCC_GetPCLK2Freq)
    i.HAL_RCC_GetSysClockFreq                0x08001018   Section        0  stm32f4xx_hal_rcc.o(i.HAL_RCC_GetSysClockFreq)
    i.HAL_RCC_OscConfig                      0x08001088   Section        0  stm32f4xx_hal_rcc.o(i.HAL_RCC_OscConfig)
    i.HAL_SPI_Init                           0x0800139c   Section        0  stm32f4xx_hal_spi.o(i.HAL_SPI_Init)
    i.HAL_SPI_MspInit                        0x0800141c   Section        0  stm32f4xx_hal_msp.o(i.HAL_SPI_MspInit)
    i.HAL_SPI_Transmit                       0x08001480   Section        0  stm32f4xx_hal_spi.o(i.HAL_SPI_Transmit)
    i.HAL_SYSTICK_CLKSourceConfig            0x080015e8   Section        0  stm32f4xx_hal_cortex.o(i.HAL_SYSTICK_CLKSourceConfig)
    i.HAL_SYSTICK_Callback                   0x08001600   Section        0  stm32f4xx_hal_cortex.o(i.HAL_SYSTICK_Callback)
    i.HAL_SYSTICK_Config                     0x08001602   Section        0  stm32f4xx_hal_cortex.o(i.HAL_SYSTICK_Config)
    i.HAL_SYSTICK_IRQHandler                 0x0800162a   Section        0  stm32f4xx_hal_cortex.o(i.HAL_SYSTICK_IRQHandler)
    i.HAL_TIMEx_BreakCallback                0x08001632   Section        0  stm32f4xx_hal_tim_ex.o(i.HAL_TIMEx_BreakCallback)
    i.HAL_TIMEx_CommutationCallback          0x08001634   Section        0  stm32f4xx_hal_tim_ex.o(i.HAL_TIMEx_CommutationCallback)
    i.HAL_TIM_Base_Init                      0x08001636   Section        0  stm32f4xx_hal_tim.o(i.HAL_TIM_Base_Init)
    i.HAL_TIM_Base_MspInit                   0x0800166c   Section        0  stm32f4xx_hal_msp.o(i.HAL_TIM_Base_MspInit)
    i.HAL_TIM_Base_Start_IT                  0x080016a8   Section        0  stm32f4xx_hal_tim.o(i.HAL_TIM_Base_Start_IT)
    i.HAL_TIM_IC_CaptureCallback             0x080016c0   Section        0  stm32f4xx_hal_tim.o(i.HAL_TIM_IC_CaptureCallback)
    i.HAL_TIM_IRQHandler                     0x080016c2   Section        0  stm32f4xx_hal_tim.o(i.HAL_TIM_IRQHandler)
    i.HAL_TIM_OC_DelayElapsedCallback        0x08001828   Section        0  stm32f4xx_hal_tim.o(i.HAL_TIM_OC_DelayElapsedCallback)
    i.HAL_TIM_PWM_PulseFinishedCallback      0x0800182a   Section        0  stm32f4xx_hal_tim.o(i.HAL_TIM_PWM_PulseFinishedCallback)
    i.HAL_TIM_PeriodElapsedCallback          0x0800182c   Section        0  main.o(i.HAL_TIM_PeriodElapsedCallback)
    i.HAL_TIM_TriggerCallback                0x08001890   Section        0  stm32f4xx_hal_tim.o(i.HAL_TIM_TriggerCallback)
    i.HAL_UART_ErrorCallback                 0x08001892   Section        0  stm32f4xx_hal_uart.o(i.HAL_UART_ErrorCallback)
    i.HAL_UART_IRQHandler                    0x08001894   Section        0  stm32f4xx_hal_uart.o(i.HAL_UART_IRQHandler)
    i.HAL_UART_Init                          0x080019a4   Section        0  stm32f4xx_hal_uart.o(i.HAL_UART_Init)
    i.HAL_UART_MspInit                       0x08001a08   Section        0  stm32f4xx_hal_msp.o(i.HAL_UART_MspInit)
    i.HAL_UART_Receive_DMA                   0x08001afc   Section        0  stm32f4xx_hal_uart.o(i.HAL_UART_Receive_DMA)
    i.HAL_UART_RxCpltCallback                0x08001b94   Section        0  main.o(i.HAL_UART_RxCpltCallback)
    i.HAL_UART_RxHalfCpltCallback            0x08001bcc   Section        0  stm32f4xx_hal_uart.o(i.HAL_UART_RxHalfCpltCallback)
    i.HAL_UART_Transmit_DMA                  0x08001bd0   Section        0  stm32f4xx_hal_uart.o(i.HAL_UART_Transmit_DMA)
    i.HAL_UART_TxCpltCallback                0x08001c50   Section        0  stm32f4xx_hal_uart.o(i.HAL_UART_TxCpltCallback)
    i.HAL_UART_TxHalfCpltCallback            0x08001c52   Section        0  stm32f4xx_hal_uart.o(i.HAL_UART_TxHalfCpltCallback)
    i.MX_ADC1_Init                           0x08001c54   Section        0  main.o(i.MX_ADC1_Init)
    MX_ADC1_Init                             0x08001c55   Thumb Code    72  main.o(i.MX_ADC1_Init)
    i.MX_GPIO_Init                           0x08001ca8   Section        0  main.o(i.MX_GPIO_Init)
    MX_GPIO_Init                             0x08001ca9   Thumb Code   310  main.o(i.MX_GPIO_Init)
    i.MX_SPI2_Init                           0x08001df8   Section        0  main.o(i.MX_SPI2_Init)
    MX_SPI2_Init                             0x08001df9   Thumb Code    56  main.o(i.MX_SPI2_Init)
    i.NVIC_SetPriority                       0x08001e38   Section        0  stm32f4xx_hal_cortex.o(i.NVIC_SetPriority)
    NVIC_SetPriority                         0x08001e39   Thumb Code    32  stm32f4xx_hal_cortex.o(i.NVIC_SetPriority)
    i.SPI_CheckFlag_BSY                      0x08001e58   Section        0  stm32f4xx_hal_spi.o(i.SPI_CheckFlag_BSY)
    SPI_CheckFlag_BSY                        0x08001e59   Thumb Code    32  stm32f4xx_hal_spi.o(i.SPI_CheckFlag_BSY)
    i.SPI_WaitFlagStateUntilTimeout          0x08001e78   Section        0  stm32f4xx_hal_spi.o(i.SPI_WaitFlagStateUntilTimeout)
    SPI_WaitFlagStateUntilTimeout            0x08001e79   Thumb Code   150  stm32f4xx_hal_spi.o(i.SPI_WaitFlagStateUntilTimeout)
    i.SysTick_Handler                        0x08001f0e   Section        0  stm32f4xx_it.o(i.SysTick_Handler)
    i.SystemClock_Config                     0x08001f1c   Section        0  main.o(i.SystemClock_Config)
    i.SystemInit                             0x08001fb8   Section        0  system_stm32f4xx.o(i.SystemInit)
    i.TIM1_UP_TIM10_IRQHandler               0x0800200c   Section        0  stm32f4xx_it.o(i.TIM1_UP_TIM10_IRQHandler)
    i.TIM_Base_SetConfig                     0x08002018   Section        0  stm32f4xx_hal_tim.o(i.TIM_Base_SetConfig)
    i.UART_DMAAbortOnError                   0x080020a8   Section        0  stm32f4xx_hal_uart.o(i.UART_DMAAbortOnError)
    UART_DMAAbortOnError                     0x080020a9   Thumb Code    16  stm32f4xx_hal_uart.o(i.UART_DMAAbortOnError)
    i.UART_DMAError                          0x080020b8   Section        0  stm32f4xx_hal_uart.o(i.UART_DMAError)
    UART_DMAError                            0x080020b9   Thumb Code    74  stm32f4xx_hal_uart.o(i.UART_DMAError)
    i.UART_DMAReceiveCplt                    0x08002102   Section        0  stm32f4xx_hal_uart.o(i.UART_DMAReceiveCplt)
    UART_DMAReceiveCplt                      0x08002103   Thumb Code    60  stm32f4xx_hal_uart.o(i.UART_DMAReceiveCplt)
    i.UART_DMARxHalfCplt                     0x0800213e   Section        0  stm32f4xx_hal_uart.o(i.UART_DMARxHalfCplt)
    UART_DMARxHalfCplt                       0x0800213f   Thumb Code    10  stm32f4xx_hal_uart.o(i.UART_DMARxHalfCplt)
    i.UART_DMATransmitCplt                   0x08002148   Section        0  stm32f4xx_hal_uart.o(i.UART_DMATransmitCplt)
    UART_DMATransmitCplt                     0x08002149   Thumb Code    46  stm32f4xx_hal_uart.o(i.UART_DMATransmitCplt)
    i.UART_DMATxHalfCplt                     0x08002176   Section        0  stm32f4xx_hal_uart.o(i.UART_DMATxHalfCplt)
    UART_DMATxHalfCplt                       0x08002177   Thumb Code    10  stm32f4xx_hal_uart.o(i.UART_DMATxHalfCplt)
    i.UART_EndRxTransfer                     0x08002180   Section        0  stm32f4xx_hal_uart.o(i.UART_EndRxTransfer)
    UART_EndRxTransfer                       0x08002181   Thumb Code    28  stm32f4xx_hal_uart.o(i.UART_EndRxTransfer)
    i.UART_EndTxTransfer                     0x0800219c   Section        0  stm32f4xx_hal_uart.o(i.UART_EndTxTransfer)
    UART_EndTxTransfer                       0x0800219d   Thumb Code    18  stm32f4xx_hal_uart.o(i.UART_EndTxTransfer)
    i.UART_Receive_IT                        0x080021ae   Section        0  stm32f4xx_hal_uart.o(i.UART_Receive_IT)
    UART_Receive_IT                          0x080021af   Thumb Code   140  stm32f4xx_hal_uart.o(i.UART_Receive_IT)
    i.UART_SetConfig                         0x0800223c   Section        0  stm32f4xx_hal_uart.o(i.UART_SetConfig)
    UART_SetConfig                           0x0800223d   Thumb Code   676  stm32f4xx_hal_uart.o(i.UART_SetConfig)
    i.UART_Transmit_IT                       0x080024e8   Section        0  stm32f4xx_hal_uart.o(i.UART_Transmit_IT)
    UART_Transmit_IT                         0x080024e9   Thumb Code    98  stm32f4xx_hal_uart.o(i.UART_Transmit_IT)
    i.USART1_IRQHandler                      0x0800254c   Section        0  stm32f4xx_it.o(i.USART1_IRQHandler)
    i._Error_Handler                         0x08002558   Section        0  main.o(i._Error_Handler)
    i.__scatterload_copy                     0x0800255a   Section       14  handlers.o(i.__scatterload_copy)
    i.__scatterload_null                     0x08002568   Section        2  handlers.o(i.__scatterload_null)
    i.__scatterload_zeroinit                 0x0800256a   Section       14  handlers.o(i.__scatterload_zeroinit)
    i.main                                   0x08002578   Section        0  main.o(i.main)
    i.menu1                                  0x080028b4   Section        0  main.o(i.menu1)
    i.ssd1331_clear_screen                   0x08002a18   Section        0  ssd1331.o(i.ssd1331_clear_screen)
    i.ssd1331_display_char                   0x08002a3c   Section        0  ssd1331.o(i.ssd1331_display_char)
    i.ssd1331_display_string                 0x08002ad8   Section        0  ssd1331.o(i.ssd1331_display_string)
    i.ssd1331_draw_line                      0x08002b34   Section        0  ssd1331.o(i.ssd1331_draw_line)
    i.ssd1331_draw_point                     0x08002bb6   Section        0  ssd1331.o(i.ssd1331_draw_point)
    i.ssd1331_init                           0x08002c0c   Section        0  ssd1331.o(i.ssd1331_init)
    i.ssd1331_write_byte                     0x08002d64   Section        0  ssd1331.o(i.ssd1331_write_byte)
    ssd1331_write_byte                       0x08002d65   Thumb Code    74  ssd1331.o(i.ssd1331_write_byte)
    .constdata                               0x08002db8   Section       16  system_stm32f4xx.o(.constdata)
    .constdata                               0x08002dc8   Section        8  system_stm32f4xx.o(.constdata)
    .constdata                               0x08002dd0   Section        8  stm32f4xx_hal_dma.o(.constdata)
    flagBitshiftOffset                       0x08002dd0   Data           8  stm32f4xx_hal_dma.o(.constdata)
    .constdata                               0x08002dd8   Section     1140  fonts.o(.constdata)
    .constdata                               0x0800324c   Section     1520  fonts.o(.constdata)
    .data                                    0x20000000   Section        4  system_stm32f4xx.o(.data)
    .data                                    0x20000004   Section        4  stm32f4xx_hal.o(.data)
    .data                                    0x20000008   Section       28  main.o(.data)
    Data                                     0x20000012   Data           1  main.o(.data)
    .bss                                     0x20000024   Section      284  main.o(.bss)
    .bss                                     0x20000140   Section       96  main.o(.bss)
    .bss                                     0x200001a0   Section       96  main.o(.bss)
    .bss                                     0x20000200   Section       96  main.o(.bss)
    STACK                                    0x20000260   Section     1024  startup_stm32f411xe.o(STACK)

    Global Symbols

    Symbol Name                              Value     Ov Type        Size  Object(Section)

    BuildAttributes$$THM_ISAv4$E$P$D$K$B$S$7EM$VFPi3$EXTD16$VFPS$VFMA$PE$A:L22UL41UL21$X:L11$S22US41US21$IEEE1$IW$USESV6$~STKCKD$USESV7$~SHL$OSPACE$EBA8$MICROLIB$REQ8$PRES8$EABIv2 0x00000000   Number         0  anon$$obj.o ABSOLUTE
    __ARM_use_no_argv                        0x00000000   Number         0  main.o ABSOLUTE
    __cpp_initialize__aeabi_                  - Undefined Weak Reference
    __cxa_finalize                            - Undefined Weak Reference
    __decompress                              - Undefined Weak Reference
    _clock_init                               - Undefined Weak Reference
    _microlib_exit                            - Undefined Weak Reference
    __Vectors_Size                           0x00000198   Number         0  startup_stm32f411xe.o ABSOLUTE
    __Vectors                                0x08000000   Data           4  startup_stm32f411xe.o(RESET)
    __Vectors_End                            0x08000198   Data           0  startup_stm32f411xe.o(RESET)
    __main                                   0x08000199   Thumb Code     0  entry.o(.ARM.Collect$$$$00000000)
    _main_stk                                0x08000199   Thumb Code     0  entry2.o(.ARM.Collect$$$$00000001)
    _main_scatterload                        0x0800019d   Thumb Code     0  entry5.o(.ARM.Collect$$$$00000004)
    __main_after_scatterload                 0x080001a1   Thumb Code     0  entry5.o(.ARM.Collect$$$$00000004)
    _main_clock                              0x080001a1   Thumb Code     0  entry7b.o(.ARM.Collect$$$$00000008)
    _main_cpp_init                           0x080001a1   Thumb Code     0  entry8b.o(.ARM.Collect$$$$0000000A)
    _main_init                               0x080001a1   Thumb Code     0  entry9a.o(.ARM.Collect$$$$0000000B)
    __rt_final_cpp                           0x080001a9   Thumb Code     0  entry10a.o(.ARM.Collect$$$$0000000D)
    __rt_final_exit                          0x080001a9   Thumb Code     0  entry11a.o(.ARM.Collect$$$$0000000F)
    Reset_Handler                            0x080001ad   Thumb Code     8  startup_stm32f411xe.o(.text)
    NMI_Handler                              0x080001b5   Thumb Code     2  startup_stm32f411xe.o(.text)
    HardFault_Handler                        0x080001b7   Thumb Code     2  startup_stm32f411xe.o(.text)
    MemManage_Handler                        0x080001b9   Thumb Code     2  startup_stm32f411xe.o(.text)
    BusFault_Handler                         0x080001bb   Thumb Code     2  startup_stm32f411xe.o(.text)
    UsageFault_Handler                       0x080001bd   Thumb Code     2  startup_stm32f411xe.o(.text)
    SVC_Handler                              0x080001bf   Thumb Code     2  startup_stm32f411xe.o(.text)
    DebugMon_Handler                         0x080001c1   Thumb Code     2  startup_stm32f411xe.o(.text)
    PendSV_Handler                           0x080001c3   Thumb Code     2  startup_stm32f411xe.o(.text)
    ADC_IRQHandler                           0x080001c7   Thumb Code     0  startup_stm32f411xe.o(.text)
    DMA1_Stream0_IRQHandler                  0x080001c7   Thumb Code     0  startup_stm32f411xe.o(.text)
    DMA1_Stream1_IRQHandler                  0x080001c7   Thumb Code     0  startup_stm32f411xe.o(.text)
    DMA1_Stream2_IRQHandler                  0x080001c7   Thumb Code     0  startup_stm32f411xe.o(.text)
    DMA1_Stream3_IRQHandler                  0x080001c7   Thumb Code     0  startup_stm32f411xe.o(.text)
    DMA1_Stream4_IRQHandler                  0x080001c7   Thumb Code     0  startup_stm32f411xe.o(.text)
    DMA1_Stream5_IRQHandler                  0x080001c7   Thumb Code     0  startup_stm32f411xe.o(.text)
    DMA1_Stream6_IRQHandler                  0x080001c7   Thumb Code     0  startup_stm32f411xe.o(.text)
    DMA1_Stream7_IRQHandler                  0x080001c7   Thumb Code     0  startup_stm32f411xe.o(.text)
    DMA2_Stream1_IRQHandler                  0x080001c7   Thumb Code     0  startup_stm32f411xe.o(.text)
    DMA2_Stream3_IRQHandler                  0x080001c7   Thumb Code     0  startup_stm32f411xe.o(.text)
    DMA2_Stream4_IRQHandler                  0x080001c7   Thumb Code     0  startup_stm32f411xe.o(.text)
    DMA2_Stream5_IRQHandler                  0x080001c7   Thumb Code     0  startup_stm32f411xe.o(.text)
    DMA2_Stream6_IRQHandler                  0x080001c7   Thumb Code     0  startup_stm32f411xe.o(.text)
    EXTI15_10_IRQHandler                     0x080001c7   Thumb Code     0  startup_stm32f411xe.o(.text)
    EXTI1_IRQHandler                         0x080001c7   Thumb Code     0  startup_stm32f411xe.o(.text)
    EXTI3_IRQHandler                         0x080001c7   Thumb Code     0  startup_stm32f411xe.o(.text)
    EXTI9_5_IRQHandler                       0x080001c7   Thumb Code     0  startup_stm32f411xe.o(.text)
    FLASH_IRQHandler                         0x080001c7   Thumb Code     0  startup_stm32f411xe.o(.text)
    FPU_IRQHandler                           0x080001c7   Thumb Code     0  startup_stm32f411xe.o(.text)
    I2C1_ER_IRQHandler                       0x080001c7   Thumb Code     0  startup_stm32f411xe.o(.text)
    I2C1_EV_IRQHandler                       0x080001c7   Thumb Code     0  startup_stm32f411xe.o(.text)
    I2C2_ER_IRQHandler                       0x080001c7   Thumb Code     0  startup_stm32f411xe.o(.text)
    I2C2_EV_IRQHandler                       0x080001c7   Thumb Code     0  startup_stm32f411xe.o(.text)
    I2C3_ER_IRQHandler                       0x080001c7   Thumb Code     0  startup_stm32f411xe.o(.text)
    I2C3_EV_IRQHandler                       0x080001c7   Thumb Code     0  startup_stm32f411xe.o(.text)
    OTG_FS_IRQHandler                        0x080001c7   Thumb Code     0  startup_stm32f411xe.o(.text)
    OTG_FS_WKUP_IRQHandler                   0x080001c7   Thumb Code     0  startup_stm32f411xe.o(.text)
    PVD_IRQHandler                           0x080001c7   Thumb Code     0  startup_stm32f411xe.o(.text)
    RCC_IRQHandler                           0x080001c7   Thumb Code     0  startup_stm32f411xe.o(.text)
    RTC_Alarm_IRQHandler                     0x080001c7   Thumb Code     0  startup_stm32f411xe.o(.text)
    RTC_WKUP_IRQHandler                      0x080001c7   Thumb Code     0  startup_stm32f411xe.o(.text)
    SDIO_IRQHandler                          0x080001c7   Thumb Code     0  startup_stm32f411xe.o(.text)
    SPI1_IRQHandler                          0x080001c7   Thumb Code     0  startup_stm32f411xe.o(.text)
    SPI2_IRQHandler                          0x080001c7   Thumb Code     0  startup_stm32f411xe.o(.text)
    SPI3_IRQHandler                          0x080001c7   Thumb Code     0  startup_stm32f411xe.o(.text)
    SPI4_IRQHandler                          0x080001c7   Thumb Code     0  startup_stm32f411xe.o(.text)
    SPI5_IRQHandler                          0x080001c7   Thumb Code     0  startup_stm32f411xe.o(.text)
    TAMP_STAMP_IRQHandler                    0x080001c7   Thumb Code     0  startup_stm32f411xe.o(.text)
    TIM1_BRK_TIM9_IRQHandler                 0x080001c7   Thumb Code     0  startup_stm32f411xe.o(.text)
    TIM1_CC_IRQHandler                       0x080001c7   Thumb Code     0  startup_stm32f411xe.o(.text)
    TIM1_TRG_COM_TIM11_IRQHandler            0x080001c7   Thumb Code     0  startup_stm32f411xe.o(.text)
    TIM2_IRQHandler                          0x080001c7   Thumb Code     0  startup_stm32f411xe.o(.text)
    TIM3_IRQHandler                          0x080001c7   Thumb Code     0  startup_stm32f411xe.o(.text)
    TIM4_IRQHandler                          0x080001c7   Thumb Code     0  startup_stm32f411xe.o(.text)
    TIM5_IRQHandler                          0x080001c7   Thumb Code     0  startup_stm32f411xe.o(.text)
    USART2_IRQHandler                        0x080001c7   Thumb Code     0  startup_stm32f411xe.o(.text)
    USART6_IRQHandler                        0x080001c7   Thumb Code     0  startup_stm32f411xe.o(.text)
    WWDG_IRQHandler                          0x080001c7   Thumb Code     0  startup_stm32f411xe.o(.text)
    __scatterload                            0x080001d1   Thumb Code    28  init.o(.text)
    __scatterload_rt2                        0x080001d1   Thumb Code     0  init.o(.text)
    DMA2_Stream0_IRQHandler                  0x080003a5   Thumb Code     6  stm32f4xx_it.o(i.DMA2_Stream0_IRQHandler)
    DMA2_Stream2_IRQHandler                  0x080003b1   Thumb Code     6  stm32f4xx_it.o(i.DMA2_Stream2_IRQHandler)
    DMA2_Stream7_IRQHandler                  0x080003bd   Thumb Code     6  stm32f4xx_it.o(i.DMA2_Stream7_IRQHandler)
    EXTI0_IRQHandler                         0x0800046d   Thumb Code     6  stm32f4xx_it.o(i.EXTI0_IRQHandler)
    EXTI2_IRQHandler                         0x08000473   Thumb Code     6  stm32f4xx_it.o(i.EXTI2_IRQHandler)
    EXTI4_IRQHandler                         0x08000479   Thumb Code     6  stm32f4xx_it.o(i.EXTI4_IRQHandler)
    HAL_ADC_ConfigChannel                    0x08000481   Thumb Code   318  stm32f4xx_hal_adc.o(i.HAL_ADC_ConfigChannel)
    HAL_ADC_ConvCpltCallback                 0x080005d5   Thumb Code     2  stm32f4xx_hal_adc.o(i.HAL_ADC_ConvCpltCallback)
    HAL_ADC_ConvHalfCpltCallback             0x080005d7   Thumb Code     2  stm32f4xx_hal_adc.o(i.HAL_ADC_ConvHalfCpltCallback)
    HAL_ADC_ErrorCallback                    0x080005d9   Thumb Code     2  stm32f4xx_hal_adc.o(i.HAL_ADC_ErrorCallback)
    HAL_ADC_Init                             0x080005db   Thumb Code    84  stm32f4xx_hal_adc.o(i.HAL_ADC_Init)
    HAL_ADC_MspInit                          0x08000631   Thumb Code   108  stm32f4xx_hal_msp.o(i.HAL_ADC_MspInit)
    HAL_ADC_Start_DMA                        0x080006cd   Thumb Code   228  stm32f4xx_hal_adc.o(i.HAL_ADC_Start_DMA)
    HAL_DMA_Abort_IT                         0x080007cd   Thumb Code    36  stm32f4xx_hal_dma.o(i.HAL_DMA_Abort_IT)
    HAL_DMA_IRQHandler                       0x080007f1   Thumb Code   414  stm32f4xx_hal_dma.o(i.HAL_DMA_IRQHandler)
    HAL_DMA_Init                             0x08000999   Thumb Code   206  stm32f4xx_hal_dma.o(i.HAL_DMA_Init)
    HAL_DMA_Start_IT                         0x08000a6d   Thumb Code   120  stm32f4xx_hal_dma.o(i.HAL_DMA_Start_IT)
    HAL_Delay                                0x08000ae5   Thumb Code    28  stm32f4xx_hal.o(i.HAL_Delay)
    HAL_GPIO_EXTI_Callback                   0x08000b01   Thumb Code    42  main.o(i.HAL_GPIO_EXTI_Callback)
    HAL_GPIO_EXTI_IRQHandler                 0x08000b31   Thumb Code    18  stm32f4xx_hal_gpio.o(i.HAL_GPIO_EXTI_IRQHandler)
    HAL_GPIO_Init                            0x08000b49   Thumb Code   358  stm32f4xx_hal_gpio.o(i.HAL_GPIO_Init)
    HAL_GPIO_ReadPin                         0x08000cd1   Thumb Code    10  stm32f4xx_hal_gpio.o(i.HAL_GPIO_ReadPin)
    HAL_GPIO_WritePin                        0x08000cdb   Thumb Code    10  stm32f4xx_hal_gpio.o(i.HAL_GPIO_WritePin)
    HAL_GetTick                              0x08000ce5   Thumb Code     6  stm32f4xx_hal.o(i.HAL_GetTick)
    HAL_IncTick                              0x08000cf1   Thumb Code    10  stm32f4xx_hal.o(i.HAL_IncTick)
    HAL_Init                                 0x08000d01   Thumb Code    48  stm32f4xx_hal.o(i.HAL_Init)
    HAL_InitTick                             0x08000d35   Thumb Code    34  stm32f4xx_hal.o(i.HAL_InitTick)
    HAL_MspInit                              0x08000d5d   Thumb Code    88  stm32f4xx_hal_msp.o(i.HAL_MspInit)
    HAL_NVIC_EnableIRQ                       0x08000db5   Thumb Code    22  stm32f4xx_hal_cortex.o(i.HAL_NVIC_EnableIRQ)
    HAL_NVIC_SetPriority                     0x08000dcd   Thumb Code    60  stm32f4xx_hal_cortex.o(i.HAL_NVIC_SetPriority)
    HAL_NVIC_SetPriorityGrouping             0x08000e0d   Thumb Code    26  stm32f4xx_hal_cortex.o(i.HAL_NVIC_SetPriorityGrouping)
    HAL_RCC_ClockConfig                      0x08000e31   Thumb Code   364  stm32f4xx_hal_rcc.o(i.HAL_RCC_ClockConfig)
    HAL_RCC_GetHCLKFreq                      0x08000fad   Thumb Code     6  stm32f4xx_hal_rcc.o(i.HAL_RCC_GetHCLKFreq)
    HAL_RCC_GetPCLK1Freq                     0x08000fb9   Thumb Code    34  stm32f4xx_hal_rcc.o(i.HAL_RCC_GetPCLK1Freq)
    HAL_RCC_GetPCLK2Freq                     0x08000fe9   Thumb Code    34  stm32f4xx_hal_rcc.o(i.HAL_RCC_GetPCLK2Freq)
    HAL_RCC_GetSysClockFreq                  0x08001019   Thumb Code   104  stm32f4xx_hal_rcc.o(i.HAL_RCC_GetSysClockFreq)
    HAL_RCC_OscConfig                        0x08001089   Thumb Code   770  stm32f4xx_hal_rcc.o(i.HAL_RCC_OscConfig)
    HAL_SPI_Init                             0x0800139d   Thumb Code   128  stm32f4xx_hal_spi.o(i.HAL_SPI_Init)
    HAL_SPI_MspInit                          0x0800141d   Thumb Code    82  stm32f4xx_hal_msp.o(i.HAL_SPI_MspInit)
    HAL_SPI_Transmit                         0x08001481   Thumb Code   360  stm32f4xx_hal_spi.o(i.HAL_SPI_Transmit)
    HAL_SYSTICK_CLKSourceConfig              0x080015e9   Thumb Code    24  stm32f4xx_hal_cortex.o(i.HAL_SYSTICK_CLKSourceConfig)
    HAL_SYSTICK_Callback                     0x08001601   Thumb Code     2  stm32f4xx_hal_cortex.o(i.HAL_SYSTICK_Callback)
    HAL_SYSTICK_Config                       0x08001603   Thumb Code    40  stm32f4xx_hal_cortex.o(i.HAL_SYSTICK_Config)
    HAL_SYSTICK_IRQHandler                   0x0800162b   Thumb Code     8  stm32f4xx_hal_cortex.o(i.HAL_SYSTICK_IRQHandler)
    HAL_TIMEx_BreakCallback                  0x08001633   Thumb Code     2  stm32f4xx_hal_tim_ex.o(i.HAL_TIMEx_BreakCallback)
    HAL_TIMEx_CommutationCallback            0x08001635   Thumb Code     2  stm32f4xx_hal_tim_ex.o(i.HAL_TIMEx_CommutationCallback)
    HAL_TIM_Base_Init                        0x08001637   Thumb Code    54  stm32f4xx_hal_tim.o(i.HAL_TIM_Base_Init)
    HAL_TIM_Base_MspInit                     0x0800166d   Thumb Code    50  stm32f4xx_hal_msp.o(i.HAL_TIM_Base_MspInit)
    HAL_TIM_Base_Start_IT                    0x080016a9   Thumb Code    24  stm32f4xx_hal_tim.o(i.HAL_TIM_Base_Start_IT)
    HAL_TIM_IC_CaptureCallback               0x080016c1   Thumb Code     2  stm32f4xx_hal_tim.o(i.HAL_TIM_IC_CaptureCallback)
    HAL_TIM_IRQHandler                       0x080016c3   Thumb Code   358  stm32f4xx_hal_tim.o(i.HAL_TIM_IRQHandler)
    HAL_TIM_OC_DelayElapsedCallback          0x08001829   Thumb Code     2  stm32f4xx_hal_tim.o(i.HAL_TIM_OC_DelayElapsedCallback)
    HAL_TIM_PWM_PulseFinishedCallback        0x0800182b   Thumb Code     2  stm32f4xx_hal_tim.o(i.HAL_TIM_PWM_PulseFinishedCallback)
    HAL_TIM_PeriodElapsedCallback            0x0800182d   Thumb Code    92  main.o(i.HAL_TIM_PeriodElapsedCallback)
    HAL_TIM_TriggerCallback                  0x08001891   Thumb Code     2  stm32f4xx_hal_tim.o(i.HAL_TIM_TriggerCallback)
    HAL_UART_ErrorCallback                   0x08001893   Thumb Code     2  stm32f4xx_hal_uart.o(i.HAL_UART_ErrorCallback)
    HAL_UART_IRQHandler                      0x08001895   Thumb Code   266  stm32f4xx_hal_uart.o(i.HAL_UART_IRQHandler)
    HAL_UART_Init                            0x080019a5   Thumb Code    98  stm32f4xx_hal_uart.o(i.HAL_UART_Init)
    HAL_UART_MspInit                         0x08001a09   Thumb Code   192  stm32f4xx_hal_msp.o(i.HAL_UART_MspInit)
    HAL_UART_Receive_DMA                     0x08001afd   Thumb Code   138  stm32f4xx_hal_uart.o(i.HAL_UART_Receive_DMA)
    HAL_UART_RxCpltCallback                  0x08001b95   Thumb Code    46  main.o(i.HAL_UART_RxCpltCallback)
    HAL_UART_RxHalfCpltCallback              0x08001bcd   Thumb Code     2  stm32f4xx_hal_uart.o(i.HAL_UART_RxHalfCpltCallback)
    HAL_UART_Transmit_DMA                    0x08001bd1   Thumb Code   114  stm32f4xx_hal_uart.o(i.HAL_UART_Transmit_DMA)
    HAL_UART_TxCpltCallback                  0x08001c51   Thumb Code     2  stm32f4xx_hal_uart.o(i.HAL_UART_TxCpltCallback)
    HAL_UART_TxHalfCpltCallback              0x08001c53   Thumb Code     2  stm32f4xx_hal_uart.o(i.HAL_UART_TxHalfCpltCallback)
    SysTick_Handler                          0x08001f0f   Thumb Code    14  stm32f4xx_it.o(i.SysTick_Handler)
    SystemClock_Config                       0x08001f1d   Thumb Code   146  main.o(i.SystemClock_Config)
    SystemInit                               0x08001fb9   Thumb Code    66  system_stm32f4xx.o(i.SystemInit)
    TIM1_UP_TIM10_IRQHandler                 0x0800200d   Thumb Code     6  stm32f4xx_it.o(i.TIM1_UP_TIM10_IRQHandler)
    TIM_Base_SetConfig                       0x08002019   Thumb Code   114  stm32f4xx_hal_tim.o(i.TIM_Base_SetConfig)
    USART1_IRQHandler                        0x0800254d   Thumb Code     6  stm32f4xx_it.o(i.USART1_IRQHandler)
    _Error_Handler                           0x08002559   Thumb Code     2  main.o(i._Error_Handler)
    __scatterload_copy                       0x0800255b   Thumb Code    14  handlers.o(i.__scatterload_copy)
    __scatterload_null                       0x08002569   Thumb Code     2  handlers.o(i.__scatterload_null)
    __scatterload_zeroinit                   0x0800256b   Thumb Code    14  handlers.o(i.__scatterload_zeroinit)
    main                                     0x08002579   Thumb Code   650  main.o(i.main)
    menu1                                    0x080028b5   Thumb Code   276  main.o(i.menu1)
    ssd1331_clear_screen                     0x08002a19   Thumb Code    36  ssd1331.o(i.ssd1331_clear_screen)
    ssd1331_display_char                     0x08002a3d   Thumb Code   146  ssd1331.o(i.ssd1331_display_char)
    ssd1331_display_string                   0x08002ad9   Thumb Code    92  ssd1331.o(i.ssd1331_display_string)
    ssd1331_draw_line                        0x08002b35   Thumb Code   130  ssd1331.o(i.ssd1331_draw_line)
    ssd1331_draw_point                       0x08002bb7   Thumb Code    86  ssd1331.o(i.ssd1331_draw_point)
    ssd1331_init                             0x08002c0d   Thumb Code   338  ssd1331.o(i.ssd1331_init)
    AHBPrescTable                            0x08002db8   Data          16  system_stm32f4xx.o(.constdata)
    APBPrescTable                            0x08002dc8   Data           8  system_stm32f4xx.o(.constdata)
    c_chFont1206                             0x08002dd8   Data        1140  fonts.o(.constdata)
    c_chFont1608                             0x0800324c   Data        1520  fonts.o(.constdata)
    Region$$Table$$Base                      0x0800383c   Number         0  anon$$obj.o(Region$$Table)
    Region$$Table$$Limit                     0x0800385c   Number         0  anon$$obj.o(Region$$Table)
    SystemCoreClock                          0x20000000   Data           4  system_stm32f4xx.o(.data)
    uwTick                                   0x20000004   Data           4  stm32f4xx_hal.o(.data)
    puls                                     0x20000008   Data           1  main.o(.data)
    stary_puls                               0x20000009   Data           1  main.o(.data)
    zn_puls                                  0x2000000a   Data           1  main.o(.data)
    k                                        0x2000000b   Data           1  main.o(.data)
    l                                        0x2000000c   Data           1  main.o(.data)
    flaga                                    0x2000000d   Data           1  main.o(.data)
    flaga2                                   0x2000000e   Data           1  main.o(.data)
    tempo                                    0x2000000f   Data           1  main.o(.data)
    Received                                 0x20000010   Data           1  main.o(.data)
    sygnal                                   0x20000011   Data           1  main.o(.data)
    Pulsometr                                0x20000014   Data           2  main.o(.data)
    ile                                      0x20000018   Data           4  main.o(.data)
    czas                                     0x2000001c   Data           4  main.o(.data)
    cnt                                      0x20000020   Data           4  main.o(.data)
    hadc1                                    0x20000024   Data          72  main.o(.bss)
    hspi2                                    0x2000006c   Data          88  main.o(.bss)
    htim10                                   0x200000c4   Data          60  main.o(.bss)
    huart1                                   0x20000100   Data          64  main.o(.bss)
    hdma_adc1                                0x20000140   Data          96  main.o(.bss)
    hdma_usart1_tx                           0x200001a0   Data          96  main.o(.bss)
    hdma_usart1_rx                           0x20000200   Data          96  main.o(.bss)
    __initial_sp                             0x20000660   Data           0  startup_stm32f411xe.o(STACK)



==============================================================================

Memory Map of the image

  Image Entry point : 0x08000199

  Load Region LR_IROM1 (Base: 0x08000000, Size: 0x00003880, Max: 0x00080000, ABSOLUTE)

    Execution Region ER_IROM1 (Base: 0x08000000, Size: 0x0000385c, Max: 0x00080000, ABSOLUTE)

    Base Addr    Size         Type   Attr      Idx    E Section Name        Object

    0x08000000   0x00000198   Data   RO          142    RESET               startup_stm32f411xe.o
    0x08000198   0x00000000   Code   RO         3451  * .ARM.Collect$$$$00000000  mc_w.l(entry.o)
    0x08000198   0x00000004   Code   RO         3454    .ARM.Collect$$$$00000001  mc_w.l(entry2.o)
    0x0800019c   0x00000004   Code   RO         3457    .ARM.Collect$$$$00000004  mc_w.l(entry5.o)
    0x080001a0   0x00000000   Code   RO         3459    .ARM.Collect$$$$00000008  mc_w.l(entry7b.o)
    0x080001a0   0x00000000   Code   RO         3461    .ARM.Collect$$$$0000000A  mc_w.l(entry8b.o)
    0x080001a0   0x00000008   Code   RO         3462    .ARM.Collect$$$$0000000B  mc_w.l(entry9a.o)
    0x080001a8   0x00000000   Code   RO         3464    .ARM.Collect$$$$0000000D  mc_w.l(entry10a.o)
    0x080001a8   0x00000000   Code   RO         3466    .ARM.Collect$$$$0000000F  mc_w.l(entry11a.o)
    0x080001a8   0x00000004   Code   RO         3455    .ARM.Collect$$$$00002712  mc_w.l(entry2.o)
    0x080001ac   0x00000024   Code   RO          143    .text               startup_stm32f411xe.o
    0x080001d0   0x00000024   Code   RO         3468    .text               mc_w.l(init.o)
    0x080001f4   0x00000062   Code   RO         2117    i.ADC_DMAConvCplt   stm32f4xx_hal_adc.o
    0x08000256   0x00000016   Code   RO         2118    i.ADC_DMAError      stm32f4xx_hal_adc.o
    0x0800026c   0x0000000a   Code   RO         2119    i.ADC_DMAHalfConvCplt  stm32f4xx_hal_adc.o
    0x08000276   0x00000002   PAD
    0x08000278   0x0000012c   Code   RO         2120    i.ADC_Init          stm32f4xx_hal_adc.o
    0x080003a4   0x0000000c   Code   RO         3035    i.DMA2_Stream0_IRQHandler  stm32f4xx_it.o
    0x080003b0   0x0000000c   Code   RO         3036    i.DMA2_Stream2_IRQHandler  stm32f4xx_it.o
    0x080003bc   0x0000000c   Code   RO         3037    i.DMA2_Stream7_IRQHandler  stm32f4xx_it.o
    0x080003c8   0x00000028   Code   RO          863    i.DMA_CalcBaseAndBitshift  stm32f4xx_hal_dma.o
    0x080003f0   0x00000054   Code   RO          864    i.DMA_CheckFifoParam  stm32f4xx_hal_dma.o
    0x08000444   0x00000028   Code   RO          865    i.DMA_SetConfig     stm32f4xx_hal_dma.o
    0x0800046c   0x00000006   Code   RO         3038    i.EXTI0_IRQHandler  stm32f4xx_it.o
    0x08000472   0x00000006   Code   RO         3039    i.EXTI2_IRQHandler  stm32f4xx_it.o
    0x08000478   0x00000006   Code   RO         3040    i.EXTI4_IRQHandler  stm32f4xx_it.o
    0x0800047e   0x00000002   PAD
    0x08000480   0x00000154   Code   RO         2122    i.HAL_ADC_ConfigChannel  stm32f4xx_hal_adc.o
    0x080005d4   0x00000002   Code   RO         2123    i.HAL_ADC_ConvCpltCallback  stm32f4xx_hal_adc.o
    0x080005d6   0x00000002   Code   RO         2124    i.HAL_ADC_ConvHalfCpltCallback  stm32f4xx_hal_adc.o
    0x080005d8   0x00000002   Code   RO         2126    i.HAL_ADC_ErrorCallback  stm32f4xx_hal_adc.o
    0x080005da   0x00000054   Code   RO         2131    i.HAL_ADC_Init      stm32f4xx_hal_adc.o
    0x0800062e   0x00000002   PAD
    0x08000630   0x0000009c   Code   RO         3112    i.HAL_ADC_MspInit   stm32f4xx_hal_msp.o
    0x080006cc   0x00000100   Code   RO         2138    i.HAL_ADC_Start_DMA  stm32f4xx_hal_adc.o
    0x080007cc   0x00000024   Code   RO          867    i.HAL_DMA_Abort_IT  stm32f4xx_hal_dma.o
    0x080007f0   0x000001a8   Code   RO          871    i.HAL_DMA_IRQHandler  stm32f4xx_hal_dma.o
    0x08000998   0x000000d4   Code   RO          872    i.HAL_DMA_Init      stm32f4xx_hal_dma.o
    0x08000a6c   0x00000078   Code   RO          876    i.HAL_DMA_Start_IT  stm32f4xx_hal_dma.o
    0x08000ae4   0x0000001c   Code   RO          669    i.HAL_Delay         stm32f4xx_hal.o
    0x08000b00   0x00000030   Code   RO         3184    i.HAL_GPIO_EXTI_Callback  main.o
    0x08000b30   0x00000018   Code   RO         1106    i.HAL_GPIO_EXTI_IRQHandler  stm32f4xx_hal_gpio.o
    0x08000b48   0x00000188   Code   RO         1107    i.HAL_GPIO_Init     stm32f4xx_hal_gpio.o
    0x08000cd0   0x0000000a   Code   RO         1109    i.HAL_GPIO_ReadPin  stm32f4xx_hal_gpio.o
    0x08000cda   0x0000000a   Code   RO         1111    i.HAL_GPIO_WritePin  stm32f4xx_hal_gpio.o
    0x08000ce4   0x0000000c   Code   RO          675    i.HAL_GetTick       stm32f4xx_hal.o
    0x08000cf0   0x00000010   Code   RO          677    i.HAL_IncTick       stm32f4xx_hal.o
    0x08000d00   0x00000034   Code   RO          678    i.HAL_Init          stm32f4xx_hal.o
    0x08000d34   0x00000028   Code   RO          679    i.HAL_InitTick      stm32f4xx_hal.o
    0x08000d5c   0x00000058   Code   RO         3113    i.HAL_MspInit       stm32f4xx_hal_msp.o
    0x08000db4   0x00000016   Code   RO          974    i.HAL_NVIC_EnableIRQ  stm32f4xx_hal_cortex.o
    0x08000dca   0x00000002   PAD
    0x08000dcc   0x00000040   Code   RO          980    i.HAL_NVIC_SetPriority  stm32f4xx_hal_cortex.o
    0x08000e0c   0x00000024   Code   RO          981    i.HAL_NVIC_SetPriorityGrouping  stm32f4xx_hal_cortex.o
    0x08000e30   0x0000017c   Code   RO          520    i.HAL_RCC_ClockConfig  stm32f4xx_hal_rcc.o
    0x08000fac   0x0000000c   Code   RO          525    i.HAL_RCC_GetHCLKFreq  stm32f4xx_hal_rcc.o
    0x08000fb8   0x00000030   Code   RO          527    i.HAL_RCC_GetPCLK1Freq  stm32f4xx_hal_rcc.o
    0x08000fe8   0x00000030   Code   RO          528    i.HAL_RCC_GetPCLK2Freq  stm32f4xx_hal_rcc.o
    0x08001018   0x00000070   Code   RO          529    i.HAL_RCC_GetSysClockFreq  stm32f4xx_hal_rcc.o
    0x08001088   0x00000314   Code   RO          532    i.HAL_RCC_OscConfig  stm32f4xx_hal_rcc.o
    0x0800139c   0x00000080   Code   RO         2403    i.HAL_SPI_Init      stm32f4xx_hal_spi.o
    0x0800141c   0x00000064   Code   RO         3115    i.HAL_SPI_MspInit   stm32f4xx_hal_msp.o
    0x08001480   0x00000168   Code   RO         2411    i.HAL_SPI_Transmit  stm32f4xx_hal_spi.o
    0x080015e8   0x00000018   Code   RO          983    i.HAL_SYSTICK_CLKSourceConfig  stm32f4xx_hal_cortex.o
    0x08001600   0x00000002   Code   RO          984    i.HAL_SYSTICK_Callback  stm32f4xx_hal_cortex.o
    0x08001602   0x00000028   Code   RO          985    i.HAL_SYSTICK_Config  stm32f4xx_hal_cortex.o
    0x0800162a   0x00000008   Code   RO          986    i.HAL_SYSTICK_IRQHandler  stm32f4xx_hal_cortex.o
    0x08001632   0x00000002   Code   RO          150    i.HAL_TIMEx_BreakCallback  stm32f4xx_hal_tim_ex.o
    0x08001634   0x00000002   Code   RO          151    i.HAL_TIMEx_CommutationCallback  stm32f4xx_hal_tim_ex.o
    0x08001636   0x00000036   Code   RO         1370    i.HAL_TIM_Base_Init  stm32f4xx_hal_tim.o
    0x0800166c   0x0000003c   Code   RO         3117    i.HAL_TIM_Base_MspInit  stm32f4xx_hal_msp.o
    0x080016a8   0x00000018   Code   RO         1375    i.HAL_TIM_Base_Start_IT  stm32f4xx_hal_tim.o
    0x080016c0   0x00000002   Code   RO         1399    i.HAL_TIM_IC_CaptureCallback  stm32f4xx_hal_tim.o
    0x080016c2   0x00000166   Code   RO         1412    i.HAL_TIM_IRQHandler  stm32f4xx_hal_tim.o
    0x08001828   0x00000002   Code   RO         1415    i.HAL_TIM_OC_DelayElapsedCallback  stm32f4xx_hal_tim.o
    0x0800182a   0x00000002   Code   RO         1442    i.HAL_TIM_PWM_PulseFinishedCallback  stm32f4xx_hal_tim.o
    0x0800182c   0x00000064   Code   RO         3185    i.HAL_TIM_PeriodElapsedCallback  main.o
    0x08001890   0x00000002   Code   RO         1453    i.HAL_TIM_TriggerCallback  stm32f4xx_hal_tim.o
    0x08001892   0x00000002   Code   RO         2730    i.HAL_UART_ErrorCallback  stm32f4xx_hal_uart.o
    0x08001894   0x00000110   Code   RO         2733    i.HAL_UART_IRQHandler  stm32f4xx_hal_uart.o
    0x080019a4   0x00000062   Code   RO         2734    i.HAL_UART_Init     stm32f4xx_hal_uart.o
    0x08001a06   0x00000002   PAD
    0x08001a08   0x000000f4   Code   RO         3119    i.HAL_UART_MspInit  stm32f4xx_hal_msp.o
    0x08001afc   0x00000098   Code   RO         2738    i.HAL_UART_Receive_DMA  stm32f4xx_hal_uart.o
    0x08001b94   0x00000038   Code   RO         3186    i.HAL_UART_RxCpltCallback  main.o
    0x08001bcc   0x00000002   Code   RO         2741    i.HAL_UART_RxHalfCpltCallback  stm32f4xx_hal_uart.o
    0x08001bce   0x00000002   PAD
    0x08001bd0   0x00000080   Code   RO         2743    i.HAL_UART_Transmit_DMA  stm32f4xx_hal_uart.o
    0x08001c50   0x00000002   Code   RO         2745    i.HAL_UART_TxCpltCallback  stm32f4xx_hal_uart.o
    0x08001c52   0x00000002   Code   RO         2746    i.HAL_UART_TxHalfCpltCallback  stm32f4xx_hal_uart.o
    0x08001c54   0x00000054   Code   RO         3187    i.MX_ADC1_Init      main.o
    0x08001ca8   0x00000150   Code   RO         3188    i.MX_GPIO_Init      main.o
    0x08001df8   0x00000040   Code   RO         3189    i.MX_SPI2_Init      main.o
    0x08001e38   0x00000020   Code   RO          987    i.NVIC_SetPriority  stm32f4xx_hal_cortex.o
    0x08001e58   0x00000020   Code   RO         2427    i.SPI_CheckFlag_BSY  stm32f4xx_hal_spi.o
    0x08001e78   0x00000096   Code   RO         2445    i.SPI_WaitFlagStateUntilTimeout  stm32f4xx_hal_spi.o
    0x08001f0e   0x0000000e   Code   RO         3041    i.SysTick_Handler   stm32f4xx_it.o
    0x08001f1c   0x0000009c   Code   RO         3190    i.SystemClock_Config  main.o
    0x08001fb8   0x00000054   Code   RO            5    i.SystemInit        system_stm32f4xx.o
    0x0800200c   0x0000000c   Code   RO         3042    i.TIM1_UP_TIM10_IRQHandler  stm32f4xx_it.o
    0x08002018   0x00000090   Code   RO         1454    i.TIM_Base_SetConfig  stm32f4xx_hal_tim.o
    0x080020a8   0x00000010   Code   RO         2747    i.UART_DMAAbortOnError  stm32f4xx_hal_uart.o
    0x080020b8   0x0000004a   Code   RO         2748    i.UART_DMAError     stm32f4xx_hal_uart.o
    0x08002102   0x0000003c   Code   RO         2749    i.UART_DMAReceiveCplt  stm32f4xx_hal_uart.o
    0x0800213e   0x0000000a   Code   RO         2751    i.UART_DMARxHalfCplt  stm32f4xx_hal_uart.o
    0x08002148   0x0000002e   Code   RO         2753    i.UART_DMATransmitCplt  stm32f4xx_hal_uart.o
    0x08002176   0x0000000a   Code   RO         2755    i.UART_DMATxHalfCplt  stm32f4xx_hal_uart.o
    0x08002180   0x0000001c   Code   RO         2757    i.UART_EndRxTransfer  stm32f4xx_hal_uart.o
    0x0800219c   0x00000012   Code   RO         2758    i.UART_EndTxTransfer  stm32f4xx_hal_uart.o
    0x080021ae   0x0000008c   Code   RO         2759    i.UART_Receive_IT   stm32f4xx_hal_uart.o
    0x0800223a   0x00000002   PAD
    0x0800223c   0x000002ac   Code   RO         2760    i.UART_SetConfig    stm32f4xx_hal_uart.o
    0x080024e8   0x00000062   Code   RO         2761    i.UART_Transmit_IT  stm32f4xx_hal_uart.o
    0x0800254a   0x00000002   PAD
    0x0800254c   0x0000000c   Code   RO         3043    i.USART1_IRQHandler  stm32f4xx_it.o
    0x08002558   0x00000002   Code   RO         3191    i._Error_Handler    main.o
    0x0800255a   0x0000000e   Code   RO         3472    i.__scatterload_copy  mc_w.l(handlers.o)
    0x08002568   0x00000002   Code   RO         3473    i.__scatterload_null  mc_w.l(handlers.o)
    0x0800256a   0x0000000e   Code   RO         3474    i.__scatterload_zeroinit  mc_w.l(handlers.o)
    0x08002578   0x0000033c   Code   RO         3193    i.main              main.o
    0x080028b4   0x00000164   Code   RO         3194    i.menu1             main.o
    0x08002a18   0x00000024   Code   RO         3341    i.ssd1331_clear_screen  ssd1331.o
    0x08002a3c   0x0000009c   Code   RO         3342    i.ssd1331_display_char  ssd1331.o
    0x08002ad8   0x0000005c   Code   RO         3344    i.ssd1331_display_string  ssd1331.o
    0x08002b34   0x00000082   Code   RO         3350    i.ssd1331_draw_line  ssd1331.o
    0x08002bb6   0x00000056   Code   RO         3351    i.ssd1331_draw_point  ssd1331.o
    0x08002c0c   0x00000158   Code   RO         3355    i.ssd1331_init      ssd1331.o
    0x08002d64   0x00000054   Code   RO         3356    i.ssd1331_write_byte  ssd1331.o
    0x08002db8   0x00000010   Data   RO            6    .constdata          system_stm32f4xx.o
    0x08002dc8   0x00000008   Data   RO            7    .constdata          system_stm32f4xx.o
    0x08002dd0   0x00000008   Data   RO          878    .constdata          stm32f4xx_hal_dma.o
    0x08002dd8   0x00000474   Data   RO         3303    .constdata          fonts.o
    0x0800324c   0x000005f0   Data   RO         3304    .constdata          fonts.o
    0x0800383c   0x00000020   Data   RO         3470    Region$$Table       anon$$obj.o


    Execution Region RW_IRAM1 (Base: 0x20000000, Size: 0x00000660, Max: 0x00020000, ABSOLUTE)

    Base Addr    Size         Type   Attr      Idx    E Section Name        Object

    0x20000000   0x00000004   Data   RW            8    .data               system_stm32f4xx.o
    0x20000004   0x00000004   Data   RW          684    .data               stm32f4xx_hal.o
    0x20000008   0x0000001c   Data   RW         3201    .data               main.o
    0x20000024   0x0000011c   Zero   RW         3196    .bss                main.o
    0x20000140   0x00000060   Zero   RW         3197    .bss                main.o
    0x200001a0   0x00000060   Zero   RW         3198    .bss                main.o
    0x20000200   0x00000060   Zero   RW         3199    .bss                main.o
    0x20000260   0x00000400   Zero   RW          140    STACK               startup_stm32f411xe.o


==============================================================================

Image component sizes


      Code (inc. data)   RO Data    RW Data    ZI Data      Debug   Object Name

         0          0       2660          0          0       1061   fonts.o
      2030        338          0         28        572       7912   main.o
       928         26          0          0          0       6935   ssd1331.o
        36          8        408          0       1024        820   startup_stm32f411xe.o
       148         22          0          4          0       4523   stm32f4xx_hal.o
      1116         58          0          0          0       7509   stm32f4xx_hal_adc.o
       228         14          0          0          0      32261   stm32f4xx_hal_cortex.o
       956         22          8          0          0       6598   stm32f4xx_hal_dma.o
       436         40          0          0          0       3766   stm32f4xx_hal_gpio.o
       648        128          0          0          0       3858   stm32f4xx_hal_msp.o
      1388         76          0          0          0       5764   stm32f4xx_hal_rcc.o
       670          0          0          0          0       4170   stm32f4xx_hal_spi.o
       588         30          0          0          0       6607   stm32f4xx_hal_tim.o
         4          0          0          0          0       1654   stm32f4xx_hal_tim_ex.o
      1842         42          0          0          0      13640   stm32f4xx_hal_uart.o
        92         30          0          0          0       4344   stm32f4xx_it.o
        84         18         24          4          0     426703   system_stm32f4xx.o

    ----------------------------------------------------------------------
     11210        852       3132         36       1596     538125   Object Totals
         0          0         32          0          0          0   (incl. Generated)
        16          0          0          0          0          0   (incl. Padding)

    ----------------------------------------------------------------------

      Code (inc. data)   RO Data    RW Data    ZI Data      Debug   Library Member Name

         0          0          0          0          0          0   entry.o
         0          0          0          0          0          0   entry10a.o
         0          0          0          0          0          0   entry11a.o
         8          4          0          0          0          0   entry2.o
         4          0          0          0          0          0   entry5.o
         0          0          0          0          0          0   entry7b.o
         0          0          0          0          0          0   entry8b.o
         8          4          0          0          0          0   entry9a.o
        30          0          0          0          0          0   handlers.o
        36          8          0          0          0         68   init.o

    ----------------------------------------------------------------------
        86         16          0          0          0         68   Library Totals
         0          0          0          0          0          0   (incl. Padding)

    ----------------------------------------------------------------------

      Code (inc. data)   RO Data    RW Data    ZI Data      Debug   Library Name

        86         16          0          0          0         68   mc_w.l

    ----------------------------------------------------------------------
        86         16          0          0          0         68   Library Totals

    ----------------------------------------------------------------------

==============================================================================


      Code (inc. data)   RO Data    RW Data    ZI Data      Debug   

     11296        868       3132         36       1596     528497   Grand Totals
     11296        868       3132         36       1596     528497   ELF Image Totals
     11296        868       3132         36          0          0   ROM Totals

==============================================================================

    Total RO  Size (Code + RO Data)                14428 (  14.09kB)
    Total RW  Size (RW Data + ZI Data)              1632 (   1.59kB)
    Total ROM Size (Code + RO Data + RW Data)      14464 (  14.13kB)

==============================================================================

